[2026-07-23T01:02:19.426973+00:00] worker pid=5991 job=20260723T010216Z-a5ce4501e74b-d255ab67b6-82333
[2026-07-23T01:02:19.427016+00:00] python=3.12.13 cwd=/content/timelens2-runs/20260723T010216Z-a5ce4501e74b-d255ab67b6-82333/repo/evaluation
[2026-07-23T01:02:19.427028+00:00] gpu_names=['Tesla T4'] video_backend=pyav t4_safe_mode=1
Thu Jul 23 01:02:19 2026       
+-----------------------------------------------------------------------------------------+
| NVIDIA-SMI 580.82.07              Driver Version: 580.82.07      CUDA Version: 13.0     |
+-----------------------------------------+------------------------+----------------------+
| GPU  Name                 Persistence-M | Bus-Id          Disp.A | Volatile Uncorr. ECC |
| Fan  Temp   Perf          Pwr:Usage/Cap |           Memory-Usage | GPU-Util  Compute M. |
|                                         |                        |               MIG M. |
|=========================================+========================+======================|
|   0  Tesla T4                       Off |   00000000:00:04.0 Off |                    0 |
| N/A   45C    P8             13W /   70W |       0MiB /  15360MiB |      0%      Default |
|                                         |                        |                  N/A |
+-----------------------------------------+------------------------+----------------------+

+-----------------------------------------------------------------------------------------+
| Processes:                                                                              |
|  GPU   GI   CI              PID   Type   Process name                        GPU Memory |
|        ID   ID                                                               Usage      |
|=========================================================================================|
|  No running processes found                                                             |
+-----------------------------------------------------------------------------------------+
[2026-07-23T01:02:19.601335+00:00] setup: skipped
[2026-07-23T01:02:19.601727+00:00] dataset: for client in web_safari web_embedded tv; do echo "[probe] client=$client"; if yt-dlp --simulate --js-runtimes deno --extractor-args "youtube:player_client=$client" --extractor-args "youtubepot-bgutilscript:server_home=/content/timelens2-data/.tools/bgutil-ytdlp-pot-provider/server" "https://www.youtube.com/watch?v=RnMZGQFNtRY"; then echo "[probe] success=$client"; exit 0; fi; done; exit 1
[probe] client=web_safari
[youtube] Extracting URL: https://www.youtube.com/watch?v=RnMZGQFNtRY
[youtube] RnMZGQFNtRY: Downloading webpage
WARNING: [youtube] No title found in player responses; falling back to title from initial data. Other metadata may also be missing
ERROR: [youtube] RnMZGQFNtRY: Sign in to confirm you’re not a bot. Use --cookies-from-browser or --cookies for the authentication. See  https://github.com/yt-dlp/yt-dlp/wiki/FAQ#how-do-i-pass-cookies-to-yt-dlp  for how to manually pass cookies. Also see  https://github.com/yt-dlp/yt-dlp/wiki/Extractors#exporting-youtube-cookies  for tips on effectively exporting YouTube cookies
[probe] client=web_embedded
[youtube] Extracting URL: https://www.youtube.com/watch?v=RnMZGQFNtRY
[youtube] RnMZGQFNtRY: Downloading webpage
[youtube] RnMZGQFNtRY: Downloading web embedded client config
[youtube] RnMZGQFNtRY: Downloading player c80bf7e2-main
[youtube] RnMZGQFNtRY: Downloading web embedded player API JSON
WARNING: [youtube] No title found in player responses; falling back to title from initial data. Other metadata may also be missing
ERROR: [youtube] RnMZGQFNtRY: Sign in to confirm you’re not a bot. Use --cookies-from-browser or --cookies for the authentication. See  https://github.com/yt-dlp/yt-dlp/wiki/FAQ#how-do-i-pass-cookies-to-yt-dlp  for how to manually pass cookies. Also see  https://github.com/yt-dlp/yt-dlp/wiki/Extractors#exporting-youtube-cookies  for tips on effectively exporting YouTube cookies
[probe] client=tv
[youtube] Extracting URL: https://www.youtube.com/watch?v=RnMZGQFNtRY
[youtube] RnMZGQFNtRY: Downloading webpage
[youtube] RnMZGQFNtRY: Downloading tv client config
[youtube] RnMZGQFNtRY: Downloading player c80bf7e2-main
[youtube] RnMZGQFNtRY: Downloading tv player API JSON
WARNING: [youtube] No title found in player responses; falling back to title from initial data. Other metadata may also be missing
ERROR: [youtube] RnMZGQFNtRY: Sign in to confirm you’re not a bot. Use --cookies-from-browser or --cookies for the authentication. See  https://github.com/yt-dlp/yt-dlp/wiki/FAQ#how-do-i-pass-cookies-to-yt-dlp  for how to manually pass cookies. Also see  https://github.com/yt-dlp/yt-dlp/wiki/Extractors#exporting-youtube-cookies  for tips on effectively exporting YouTube cookies
[2026-07-23T01:02:23.367128+00:00] dataset exit code: 1
