[2026-07-23T01:00:54.182672+00:00] worker pid=5508 job=20260723T010050Z-a5ce4501e74b-584ef1f85a-81169
[2026-07-23T01:00:54.182718+00:00] python=3.12.13 cwd=/content/timelens2-runs/20260723T010050Z-a5ce4501e74b-584ef1f85a-81169/repo/evaluation
[2026-07-23T01:00:54.182732+00:00] gpu_names=['Tesla T4'] video_backend=pyav t4_safe_mode=1
Thu Jul 23 01:00:54 2026       
+-----------------------------------------------------------------------------------------+
| NVIDIA-SMI 580.82.07              Driver Version: 580.82.07      CUDA Version: 13.0     |
+-----------------------------------------+------------------------+----------------------+
| GPU  Name                 Persistence-M | Bus-Id          Disp.A | Volatile Uncorr. ECC |
| Fan  Temp   Perf          Pwr:Usage/Cap |           Memory-Usage | GPU-Util  Compute M. |
|                                         |                        |               MIG M. |
|=========================================+========================+======================|
|   0  Tesla T4                       Off |   00000000:00:04.0 Off |                    0 |
| N/A   44C    P8             13W /   70W |       0MiB /  15360MiB |      0%      Default |
|                                         |                        |                  N/A |
+-----------------------------------------+------------------------+----------------------+

+-----------------------------------------------------------------------------------------+
| Processes:                                                                              |
|  GPU   GI   CI              PID   Type   Process name                        GPU Memory |
|        ID   ID                                                               Usage      |
|=========================================================================================|
|  No running processes found                                                             |
+-----------------------------------------------------------------------------------------+
[2026-07-23T01:00:54.359490+00:00] setup: skipped
[2026-07-23T01:00:54.359870+00:00] dataset: VUE_TR_MAX_VIDEOS=1 bash scripts/download_vue_tr_v2.sh
Requirement already satisfied: yt-dlp[default] in /usr/local/lib/python3.12/dist-packages (2026.7.4)
Requirement already satisfied: brotli in /usr/local/lib/python3.12/dist-packages (from yt-dlp[default]) (1.2.0)
Requirement already satisfied: certifi in /usr/local/lib/python3.12/dist-packages (from yt-dlp[default]) (2026.6.17)
Requirement already satisfied: mutagen in /usr/local/lib/python3.12/dist-packages (from yt-dlp[default]) (1.48.1)
Requirement already satisfied: pycryptodomex in /usr/local/lib/python3.12/dist-packages (from yt-dlp[default]) (3.23.0)
Requirement already satisfied: requests<3,>=2.32.2 in /usr/local/lib/python3.12/dist-packages (from yt-dlp[default]) (2.32.4)
Requirement already satisfied: urllib3<3,>=2.0.2 in /usr/local/lib/python3.12/dist-packages (from yt-dlp[default]) (2.5.0)
Requirement already satisfied: websockets>=13.0 in /usr/local/lib/python3.12/dist-packages (from yt-dlp[default]) (15.0.1)
Requirement already satisfied: yt-dlp-ejs==0.8.0 in /usr/local/lib/python3.12/dist-packages (from yt-dlp[default]) (0.8.0)
Requirement already satisfied: charset_normalizer<4,>=2 in /usr/local/lib/python3.12/dist-packages (from requests<3,>=2.32.2->yt-dlp[default]) (3.4.9)
Requirement already satisfied: idna<4,>=2.5 in /usr/local/lib/python3.12/dist-packages (from requests<3,>=2.32.2->yt-dlp[default]) (3.18)
Collecting bgutil-ytdlp-pot-provider==1.3.1
  Downloading bgutil_ytdlp_pot_provider-1.3.1-py3-none-any.whl.metadata (8.8 kB)
Downloading bgutil_ytdlp_pot_provider-1.3.1-py3-none-any.whl (12 kB)
Installing collected packages: bgutil-ytdlp-pot-provider
Successfully installed bgutil-ytdlp-pot-provider-1.3.1
Cloning into '/content/timelens2-data/.tools/bgutil-ytdlp-pot-provider'...
Note: switching to '7608dd51ee813b48cf9a6d68c6e42cb197ce10e0'.

You are in 'detached HEAD' state. You can look around, make experimental
changes and commit them, and you can discard any commits you make in this
state without impacting any branches by switching back to a branch.

If you want to create a new branch to retain commits you create, you may
do so (now or later) by using -c with the switch command. Example:

  git switch -c <new-branch-name>

Or undo this operation with:

  git switch -

Turn off this advice by setting config variable advice.detachedHead to false

[0m[32mDownload[0m https://registry.npmjs.org/@acemir%2fcssom
[0m[32mDownload[0m https://registry.npmjs.org/@asamuzakjp%2fcss-color
[0m[32mDownload[0m https://registry.npmjs.org/@asamuzakjp%2fdom-selector
[0m[32mDownload[0m https://registry.npmjs.org/@asamuzakjp%2fnwsapi
[0m[32mDownload[0m https://registry.npmjs.org/@bufbuild%2fprotobuf
[0m[32mDownload[0m https://registry.npmjs.org/@commander-js%2fextra-typings
[0m[32mDownload[0m https://registry.npmjs.org/@csstools%2fcolor-helpers
[0m[32mDownload[0m https://registry.npmjs.org/@csstools%2fcss-calc
[0m[32mDownload[0m https://registry.npmjs.org/@csstools%2fcss-color-parser
[0m[32mDownload[0m https://registry.npmjs.org/@csstools%2fcss-parser-algorithms
[0m[32mDownload[0m https://registry.npmjs.org/@csstools%2fcss-syntax-patches-for-csstree
[0m[32mDownload[0m https://registry.npmjs.org/@csstools%2fcss-tokenizer
[0m[32mDownload[0m https://registry.npmjs.org/@emnapi%2fcore
[0m[32mDownload[0m https://registry.npmjs.org/@emnapi%2fruntime
[0m[32mDownload[0m https://registry.npmjs.org/@emnapi%2fwasi-threads
[0m[32mDownload[0m https://registry.npmjs.org/@eslint-community%2feslint-utils
[0m[32mDownload[0m https://registry.npmjs.org/@eslint-community%2fregexpp
[0m[32mDownload[0m https://registry.npmjs.org/@eslint%2fconfig-array
[0m[32mDownload[0m https://registry.npmjs.org/@eslint%2fconfig-helpers
[0m[32mDownload[0m https://registry.npmjs.org/@eslint%2fcore
[0m[32mDownload[0m https://registry.npmjs.org/@eslint%2feslintrc
[0m[32mDownload[0m https://registry.npmjs.org/@eslint%2fjs
[0m[32mDownload[0m https://registry.npmjs.org/@eslint%2fobject-schema
[0m[32mDownload[0m https://registry.npmjs.org/@eslint%2fplugin-kit
[0m[32mDownload[0m https://registry.npmjs.org/@exodus%2fbytes
[0m[32mDownload[0m https://registry.npmjs.org/@humanfs%2fcore
[0m[32mDownload[0m https://registry.npmjs.org/@humanfs%2fnode
[0m[32mDownload[0m https://registry.npmjs.org/@humanwhocodes%2fmodule-importer
[0m[32mDownload[0m https://registry.npmjs.org/@humanwhocodes%2fretry
[0m[32mDownload[0m https://registry.npmjs.org/@napi-rs%2fwasm-runtime
[0m[32mDownload[0m https://registry.npmjs.org/@oxc-resolver%2fbinding-android-arm-eabi
[0m[32mDownload[0m https://registry.npmjs.org/@oxc-resolver%2fbinding-android-arm64
[0m[32mDownload[0m https://registry.npmjs.org/@oxc-resolver%2fbinding-darwin-arm64
[0m[32mDownload[0m https://registry.npmjs.org/@oxc-resolver%2fbinding-darwin-x64
[0m[32mDownload[0m https://registry.npmjs.org/@oxc-resolver%2fbinding-freebsd-x64
[0m[32mDownload[0m https://registry.npmjs.org/@oxc-resolver%2fbinding-linux-arm-gnueabihf
[0m[32mDownload[0m https://registry.npmjs.org/@oxc-resolver%2fbinding-linux-arm-musleabihf
[0m[32mDownload[0m https://registry.npmjs.org/@oxc-resolver%2fbinding-linux-arm64-gnu
[0m[32mDownload[0m https://registry.npmjs.org/@oxc-resolver%2fbinding-linux-arm64-musl
[0m[32mDownload[0m https://registry.npmjs.org/@oxc-resolver%2fbinding-linux-ppc64-gnu
[0m[32mDownload[0m https://registry.npmjs.org/@oxc-resolver%2fbinding-linux-riscv64-gnu
[0m[32mDownload[0m https://registry.npmjs.org/@oxc-resolver%2fbinding-linux-riscv64-musl
[0m[32mDownload[0m https://registry.npmjs.org/@oxc-resolver%2fbinding-linux-s390x-gnu
[0m[32mDownload[0m https://registry.npmjs.org/@oxc-resolver%2fbinding-linux-x64-gnu
[0m[32mDownload[0m https://registry.npmjs.org/@oxc-resolver%2fbinding-linux-x64-musl
[0m[32mDownload[0m https://registry.npmjs.org/@oxc-resolver%2fbinding-openharmony-arm64
[0m[32mDownload[0m https://registry.npmjs.org/@oxc-resolver%2fbinding-wasm32-wasi
[0m[32mDownload[0m https://registry.npmjs.org/@oxc-resolver%2fbinding-win32-arm64-msvc
[0m[32mDownload[0m https://registry.npmjs.org/@oxc-resolver%2fbinding-win32-ia32-msvc
[0m[32mDownload[0m https://registry.npmjs.org/@oxc-resolver%2fbinding-win32-x64-msvc
[0m[32mDownload[0m https://registry.npmjs.org/@pkgr%2fcore
[0m[32mDownload[0m https://registry.npmjs.org/@swc-node%2fcore
[0m[32mDownload[0m https://registry.npmjs.org/@swc-node%2fregister
[0m[32mDownload[0m https://registry.npmjs.org/@swc-node%2fsourcemap-support
[0m[32mDownload[0m https://registry.npmjs.org/@swc%2fcore-darwin-arm64
[0m[32mDownload[0m https://registry.npmjs.org/@swc%2fcore-darwin-x64
[0m[32mDownload[0m https://registry.npmjs.org/@swc%2fcore-linux-arm-gnueabihf
[0m[32mDownload[0m https://registry.npmjs.org/@swc%2fcore-linux-arm64-gnu
[0m[32mDownload[0m https://registry.npmjs.org/@swc%2fcore-linux-arm64-musl
[0m[32mDownload[0m https://registry.npmjs.org/@swc%2fcore-linux-x64-gnu
[0m[32mDownload[0m https://registry.npmjs.org/@swc%2fcore-linux-x64-musl
[0m[32mDownload[0m https://registry.npmjs.org/@swc%2fcore-win32-arm64-msvc
[0m[32mDownload[0m https://registry.npmjs.org/@swc%2fcore-win32-ia32-msvc
[0m[32mDownload[0m https://registry.npmjs.org/@swc%2fcore-win32-x64-msvc
[0m[32mDownload[0m https://registry.npmjs.org/@swc%2fcore
[0m[32mDownload[0m https://registry.npmjs.org/@swc%2fcounter
[0m[32mDownload[0m https://registry.npmjs.org/@swc%2ftypes
[0m[32mDownload[0m https://registry.npmjs.org/@tootallnate%2fquickjs-emscripten
[0m[32mDownload[0m https://registry.npmjs.org/@tybys%2fwasm-util
[0m[32mDownload[0m https://registry.npmjs.org/@types%2fbody-parser
[0m[32mDownload[0m https://registry.npmjs.org/@types%2fconnect
[0m[32mDownload[0m https://registry.npmjs.org/@types%2festree
[0m[32mDownload[0m https://registry.npmjs.org/@types%2fexpress-serve-static-core
[0m[32mDownload[0m https://registry.npmjs.org/@types%2fexpress
[0m[32mDownload[0m https://registry.npmjs.org/@types%2fhttp-errors
[0m[32mDownload[0m https://registry.npmjs.org/@types%2fjsdom
[0m[32mDownload[0m https://registry.npmjs.org/@types%2fjson-schema
[0m[32mDownload[0m https://registry.npmjs.org/@types%2fnode
[0m[32mDownload[0m https://registry.npmjs.org/@types%2fqs
[0m[32mDownload[0m https://registry.npmjs.org/@types%2frange-parser
[0m[32mDownload[0m https://registry.npmjs.org/@types%2fsend
[0m[32mDownload[0m https://registry.npmjs.org/@types%2fserve-static
[0m[32mDownload[0m https://registry.npmjs.org/@types%2ftough-cookie
[0m[32mDownload[0m https://registry.npmjs.org/@typescript-eslint%2feslint-plugin
[0m[32mDownload[0m https://registry.npmjs.org/@typescript-eslint%2fparser
[0m[32mDownload[0m https://registry.npmjs.org/@typescript-eslint%2fproject-service
[0m[32mDownload[0m https://registry.npmjs.org/@typescript-eslint%2fscope-manager
[0m[32mDownload[0m https://registry.npmjs.org/@typescript-eslint%2ftsconfig-utils
[0m[32mDownload[0m https://registry.npmjs.org/@typescript-eslint%2ftype-utils
[0m[32mDownload[0m https://registry.npmjs.org/@typescript-eslint%2ftypes
[0m[32mDownload[0m https://registry.npmjs.org/@typescript-eslint%2ftypescript-estree
[0m[32mDownload[0m https://registry.npmjs.org/@typescript-eslint%2futils
[0m[32mDownload[0m https://registry.npmjs.org/@typescript-eslint%2fvisitor-keys
[0m[32mDownload[0m https://registry.npmjs.org/accepts
[0m[32mDownload[0m https://registry.npmjs.org/acorn-jsx
[0m[32mDownload[0m https://registry.npmjs.org/acorn
[0m[32mDownload[0m https://registry.npmjs.org/agent-base
[0m[32mDownload[0m https://registry.npmjs.org/ajv
[0m[32mDownload[0m https://registry.npmjs.org/ansi-styles
[0m[32mDownload[0m https://registry.npmjs.org/argparse
[0m[32mDownload[0m https://registry.npmjs.org/ast-types
[0m[32mDownload[0m https://registry.npmjs.org/asynckit
[0m[32mDownload[0m https://registry.npmjs.org/axios
[0m[32mDownload[0m https://registry.npmjs.org/balanced-match
[0m[32mDownload[0m https://registry.npmjs.org/base64-js
[0m[32mDownload[0m https://registry.npmjs.org/basic-ftp
[0m[32mDownload[0m https://registry.npmjs.org/bgutils-js
[0m[32mDownload[0m https://registry.npmjs.org/bidi-js
[0m[32mDownload[0m https://registry.npmjs.org/bl
[0m[32mDownload[0m https://registry.npmjs.org/body-parser
[0m[32mDownload[0m https://registry.npmjs.org/brace-expansion
[0m[32mDownload[0m https://registry.npmjs.org/buffer-from
[0m[32mDownload[0m https://registry.npmjs.org/buffer
[0m[32mDownload[0m https://registry.npmjs.org/bytes
[0m[32mDownload[0m https://registry.npmjs.org/call-bind-apply-helpers
[0m[32mDownload[0m https://registry.npmjs.org/call-bound
[0m[32mDownload[0m https://registry.npmjs.org/callsites
[0m[32mDownload[0m https://registry.npmjs.org/canvas
[0m[32mDownload[0m https://registry.npmjs.org/chalk
[0m[32mDownload[0m https://registry.npmjs.org/chownr
[0m[32mDownload[0m https://registry.npmjs.org/color-convert
[0m[32mDownload[0m https://registry.npmjs.org/color-name
[0m[32mDownload[0m https://registry.npmjs.org/colorette
[0m[32mDownload[0m https://registry.npmjs.org/combined-stream
[0m[32mDownload[0m https://registry.npmjs.org/commander
[0m[32mDownload[0m https://registry.npmjs.org/concat-map
[0m[32mDownload[0m https://registry.npmjs.org/content-disposition
[0m[32mDownload[0m https://registry.npmjs.org/content-type
[0m[32mDownload[0m https://registry.npmjs.org/cookie-signature
[0m[32mDownload[0m https://registry.npmjs.org/cookie
[0m[32mDownload[0m https://registry.npmjs.org/cross-spawn
[0m[32mDownload[0m https://registry.npmjs.org/css-tree
[0m[32mDownload[0m https://registry.npmjs.org/cssstyle
[0m[32mDownload[0m https://registry.npmjs.org/data-uri-to-buffer
[0m[32mDownload[0m https://registry.npmjs.org/data-urls
[0m[32mDownload[0m https://registry.npmjs.org/debug
[0m[32mDownload[0m https://registry.npmjs.org/decimal.js
[0m[32mDownload[0m https://registry.npmjs.org/decompress-response
[0m[32mDownload[0m https://registry.npmjs.org/deep-extend
[0m[32mDownload[0m https://registry.npmjs.org/deep-is
[0m[32mDownload[0m https://registry.npmjs.org/degenerator
[0m[32mDownload[0m https://registry.npmjs.org/delayed-stream
[0m[32mDownload[0m https://registry.npmjs.org/depd
[0m[32mDownload[0m https://registry.npmjs.org/detect-libc
[0m[32mDownload[0m https://registry.npmjs.org/dunder-proto
[0m[32mDownload[0m https://registry.npmjs.org/ee-first
[0m[32mDownload[0m https://registry.npmjs.org/encodeurl
[0m[32mDownload[0m https://registry.npmjs.org/end-of-stream
[0m[32mDownload[0m https://registry.npmjs.org/entities
[0m[32mDownload[0m https://registry.npmjs.org/es-define-property
[0m[32mDownload[0m https://registry.npmjs.org/es-errors
[0m[32mDownload[0m https://registry.npmjs.org/es-object-atoms
[0m[32mDownload[0m https://registry.npmjs.org/es-set-tostringtag
[0m[32mDownload[0m https://registry.npmjs.org/escape-html
[0m[32mDownload[0m https://registry.npmjs.org/escape-string-regexp
[0m[32mDownload[0m https://registry.npmjs.org/escodegen
[0m[32mDownload[0m https://registry.npmjs.org/eslint-config-prettier
[0m[32mDownload[0m https://registry.npmjs.org/eslint-plugin-only-warn
[0m[32mDownload[0m https://registry.npmjs.org/eslint-plugin-prettier
[0m[32mDownload[0m https://registry.npmjs.org/eslint-scope
[0m[32mDownload[0m https://registry.npmjs.org/eslint-visitor-keys
[0m[32mDownload[0m https://registry.npmjs.org/eslint
[0m[32mDownload[0m https://registry.npmjs.org/espree
[0m[32mDownload[0m https://registry.npmjs.org/esprima
[0m[32mDownload[0m https://registry.npmjs.org/esquery
[0m[32mDownload[0m https://registry.npmjs.org/esrecurse
[0m[32mDownload[0m https://registry.npmjs.org/estraverse
[0m[32mDownload[0m https://registry.npmjs.org/esutils
[0m[32mDownload[0m https://registry.npmjs.org/etag
[0m[32mDownload[0m https://registry.npmjs.org/expand-template
[0m[32mDownload[0m https://registry.npmjs.org/express
[0m[32mDownload[0m https://registry.npmjs.org/fast-deep-equal
[0m[32mDownload[0m https://registry.npmjs.org/fast-diff
[0m[32mDownload[0m https://registry.npmjs.org/fast-json-stable-stringify
[0m[32mDownload[0m https://registry.npmjs.org/fast-levenshtein
[0m[32mDownload[0m https://registry.npmjs.org/fdir
[0m[32mDownload[0m https://registry.npmjs.org/file-entry-cache
[0m[32mDownload[0m https://registry.npmjs.org/finalhandler
[0m[32mDownload[0m https://registry.npmjs.org/find-up
[0m[32mDownload[0m https://registry.npmjs.org/flat-cache
[0m[32mDownload[0m https://registry.npmjs.org/flatted
[0m[32mDownload[0m https://registry.npmjs.org/follow-redirects
[0m[32mDownload[0m https://registry.npmjs.org/form-data
[0m[32mDownload[0m https://registry.npmjs.org/forwarded
[0m[32mDownload[0m https://registry.npmjs.org/fresh
[0m[32mDownload[0m https://registry.npmjs.org/fs-constants
[0m[32mDownload[0m https://registry.npmjs.org/function-bind
[0m[32mDownload[0m https://registry.npmjs.org/get-intrinsic
[0m[32mDownload[0m https://registry.npmjs.org/get-proto
[0m[32mDownload[0m https://registry.npmjs.org/get-uri
[0m[32mDownload[0m https://registry.npmjs.org/github-from-package
[0m[32mDownload[0m https://registry.npmjs.org/glob-parent
[0m[32mDownload[0m https://registry.npmjs.org/globals
[0m[32mDownload[0m https://registry.npmjs.org/gopd
[0m[32mDownload[0m https://registry.npmjs.org/has-flag
[0m[32mDownload[0m https://registry.npmjs.org/has-symbols
[0m[32mDownload[0m https://registry.npmjs.org/has-tostringtag
[0m[32mDownload[0m https://registry.npmjs.org/hasown
[0m[32mDownload[0m https://registry.npmjs.org/html-encoding-sniffer
[0m[32mDownload[0m https://registry.npmjs.org/http-errors
[0m[32mDownload[0m https://registry.npmjs.org/http-proxy-agent
[0m[32mDownload[0m https://registry.npmjs.org/https-proxy-agent
[0m[32mDownload[0m https://registry.npmjs.org/iconv-lite
[0m[32mDownload[0m https://registry.npmjs.org/ieee754
[0m[32mDownload[0m https://registry.npmjs.org/ignore
[0m[32mDownload[0m https://registry.npmjs.org/import-fresh
[0m[32mDownload[0m https://registry.npmjs.org/imurmurhash
[0m[32mDownload[0m https://registry.npmjs.org/inherits
[0m[32mDownload[0m https://registry.npmjs.org/ini
[0m[32mDownload[0m https://registry.npmjs.org/ip-address
[0m[32mDownload[0m https://registry.npmjs.org/ipaddr.js
[0m[32mDownload[0m https://registry.npmjs.org/is-extglob
[0m[32mDownload[0m https://registry.npmjs.org/is-glob
[0m[32mDownload[0m https://registry.npmjs.org/is-potential-custom-element-name
[0m[32mDownload[0m https://registry.npmjs.org/is-promise
[0m[32mDownload[0m https://registry.npmjs.org/isexe
[0m[32mDownload[0m https://registry.npmjs.org/js-yaml
[0m[32mDownload[0m https://registry.npmjs.org/jsdom
[0m[32mDownload[0m https://registry.npmjs.org/json-buffer
[0m[32mDownload[0m https://registry.npmjs.org/json-schema-traverse
[0m[32mDownload[0m https://registry.npmjs.org/json-stable-stringify-without-jsonify
[0m[32mDownload[0m https://registry.npmjs.org/keyv
[0m[32mDownload[0m https://registry.npmjs.org/levn
[0m[32mDownload[0m https://registry.npmjs.org/locate-path
[0m[32mDownload[0m https://registry.npmjs.org/lodash.merge
[0m[32mDownload[0m https://registry.npmjs.org/lru-cache
[0m[32mDownload[0m https://registry.npmjs.org/math-intrinsics
[0m[32mDownload[0m https://registry.npmjs.org/mdn-data
[0m[32mDownload[0m https://registry.npmjs.org/media-typer
[0m[32mDownload[0m https://registry.npmjs.org/merge-descriptors
[0m[32mDownload[0m https://registry.npmjs.org/meriyah
[0m[32mDownload[0m https://registry.npmjs.org/mime-db
[0m[32mDownload[0m https://registry.npmjs.org/mime-types
[0m[32mDownload[0m https://registry.npmjs.org/mimic-response
[0m[32mDownload[0m https://registry.npmjs.org/minimatch
[0m[32mDownload[0m https://registry.npmjs.org/minimist
[0m[32mDownload[0m https://registry.npmjs.org/mkdirp-classic
[0m[32mDownload[0m https://registry.npmjs.org/ms
[0m[32mDownload[0m https://registry.npmjs.org/napi-build-utils
[0m[32mDownload[0m https://registry.npmjs.org/natural-compare
[0m[32mDownload[0m https://registry.npmjs.org/negotiator
[0m[32mDownload[0m https://registry.npmjs.org/netmask
[0m[32mDownload[0m https://registry.npmjs.org/node-abi
[0m[32mDownload[0m https://registry.npmjs.org/node-addon-api
[0m[32mDownload[0m https://registry.npmjs.org/object-inspect
[0m[32mDownload[0m https://registry.npmjs.org/on-finished
[0m[32mDownload[0m https://registry.npmjs.org/once
[0m[32mDownload[0m https://registry.npmjs.org/optionator
[0m[32mDownload[0m https://registry.npmjs.org/oxc-resolver
[0m[32mDownload[0m https://registry.npmjs.org/p-limit
[0m[32mDownload[0m https://registry.npmjs.org/p-locate
[0m[32mDownload[0m https://registry.npmjs.org/pac-proxy-agent
[0m[32mDownload[0m https://registry.npmjs.org/pac-resolver
[0m[32mDownload[0m https://registry.npmjs.org/parent-module
[0m[32mDownload[0m https://registry.npmjs.org/parse5
[0m[32mDownload[0m https://registry.npmjs.org/parseurl
[0m[32mDownload[0m https://registry.npmjs.org/path-exists
[0m[32mDownload[0m https://registry.npmjs.org/path-key
[0m[32mDownload[0m https://registry.npmjs.org/path-to-regexp
[0m[32mDownload[0m https://registry.npmjs.org/picomatch
[0m[32mDownload[0m https://registry.npmjs.org/pirates
[0m[32mDownload[0m https://registry.npmjs.org/prebuild-install
[0m[32mDownload[0m https://registry.npmjs.org/prelude-ls
[0m[32mDownload[0m https://registry.npmjs.org/prettier-linter-helpers
[0m[32mDownload[0m https://registry.npmjs.org/prettier
[0m[32mDownload[0m https://registry.npmjs.org/proxy-addr
[0m[32mDownload[0m https://registry.npmjs.org/proxy-agent
[0m[32mDownload[0m https://registry.npmjs.org/proxy-from-env
[0m[32mDownload[0m https://registry.npmjs.org/pump
[0m[32mDownload[0m https://registry.npmjs.org/punycode
[0m[32mDownload[0m https://registry.npmjs.org/qs
[0m[32mDownload[0m https://registry.npmjs.org/range-parser
[0m[32mDownload[0m https://registry.npmjs.org/raw-body
[0m[32mDownload[0m https://registry.npmjs.org/rc
[0m[32mDownload[0m https://registry.npmjs.org/readable-stream
[0m[32mDownload[0m https://registry.npmjs.org/require-from-string
[0m[32mDownload[0m https://registry.npmjs.org/resolve-from
[0m[32mDownload[0m https://registry.npmjs.org/router
[0m[32mDownload[0m https://registry.npmjs.org/safe-buffer
[0m[32mDownload[0m https://registry.npmjs.org/safer-buffer
[0m[32mDownload[0m https://registry.npmjs.org/saxes
[0m[32mDownload[0m https://registry.npmjs.org/semver
[0m[32mDownload[0m https://registry.npmjs.org/send
[0m[32mDownload[0m https://registry.npmjs.org/serve-static
[0m[32mDownload[0m https://registry.npmjs.org/setprototypeof
[0m[32mDownload[0m https://registry.npmjs.org/shebang-command
[0m[32mDownload[0m https://registry.npmjs.org/shebang-regex
[0m[32mDownload[0m https://registry.npmjs.org/side-channel-list
[0m[32mDownload[0m https://registry.npmjs.org/side-channel-map
[0m[32mDownload[0m https://registry.npmjs.org/side-channel-weakmap
[0m[32mDownload[0m https://registry.npmjs.org/side-channel
[0m[32mDownload[0m https://registry.npmjs.org/simple-concat
[0m[32mDownload[0m https://registry.npmjs.org/simple-get
[0m[32mDownload[0m https://registry.npmjs.org/smart-buffer
[0m[32mDownload[0m https://registry.npmjs.org/socks-proxy-agent
[0m[32mDownload[0m https://registry.npmjs.org/socks
[0m[32mDownload[0m https://registry.npmjs.org/source-map-js
[0m[32mDownload[0m https://registry.npmjs.org/source-map-support
[0m[32mDownload[0m https://registry.npmjs.org/source-map
[0m[32mDownload[0m https://registry.npmjs.org/statuses
[0m[32mDownload[0m https://registry.npmjs.org/string_decoder
[0m[32mDownload[0m https://registry.npmjs.org/strip-json-comments
[0m[32mDownload[0m https://registry.npmjs.org/supports-color
[0m[32mDownload[0m https://registry.npmjs.org/swc-node
[0m[32mDownload[0m https://registry.npmjs.org/symbol-tree
[0m[32mDownload[0m https://registry.npmjs.org/synckit
[0m[32mDownload[0m https://registry.npmjs.org/tar-fs
[0m[32mDownload[0m https://registry.npmjs.org/tar-stream
[0m[32mDownload[0m https://registry.npmjs.org/tinyglobby
[0m[32mDownload[0m https://registry.npmjs.org/tldts-core
[0m[32mDownload[0m https://registry.npmjs.org/tldts
[0m[32mDownload[0m https://registry.npmjs.org/toidentifier
[0m[32mDownload[0m https://registry.npmjs.org/tough-cookie
[0m[32mDownload[0m https://registry.npmjs.org/tr46
[0m[32mDownload[0m https://registry.npmjs.org/ts-api-utils
[0m[32mDownload[0m https://registry.npmjs.org/tslib
[0m[32mDownload[0m https://registry.npmjs.org/tunnel-agent
[0m[32mDownload[0m https://registry.npmjs.org/type-check
[0m[32mDownload[0m https://registry.npmjs.org/type-is
[0m[32mDownload[0m https://registry.npmjs.org/typescript-eslint
[0m[32mDownload[0m https://registry.npmjs.org/typescript
[0m[32mDownload[0m https://registry.npmjs.org/undici-types
[0m[32mDownload[0m https://registry.npmjs.org/unpipe
[0m[32mDownload[0m https://registry.npmjs.org/uri-js
[0m[32mDownload[0m https://registry.npmjs.org/util-deprecate
[0m[32mDownload[0m https://registry.npmjs.org/vary
[0m[32mDownload[0m https://registry.npmjs.org/w3c-xmlserializer
[0m[32mDownload[0m https://registry.npmjs.org/webidl-conversions
[0m[32mDownload[0m https://registry.npmjs.org/whatwg-mimetype
[0m[32mDownload[0m https://registry.npmjs.org/whatwg-url
[0m[32mDownload[0m https://registry.npmjs.org/which
[0m[32mDownload[0m https://registry.npmjs.org/word-wrap
[0m[32mDownload[0m https://registry.npmjs.org/wrappy
[0m[32mDownload[0m https://registry.npmjs.org/ws
[0m[32mDownload[0m https://registry.npmjs.org/xml-name-validator
[0m[32mDownload[0m https://registry.npmjs.org/xmlchars
[0m[32mDownload[0m https://registry.npmjs.org/yocto-queue
[0m[32mDownload[0m https://registry.npmjs.org/youtubei.js
[0m[32mDownload[0m https://registry.npmjs.org/axios/-/axios-1.13.5.tgz
[0m[32mDownload[0m https://registry.npmjs.org/@commander-js/extra-typings/-/extra-typings-14.0.0.tgz
[0m[32mDownload[0m https://registry.npmjs.org/eslint-config-prettier/-/eslint-config-prettier-10.1.8.tgz
[0m[32mDownload[0m https://registry.npmjs.org/@types/body-parser/-/body-parser-1.19.6.tgz
[0m[32mDownload[0m https://registry.npmjs.org/body-parser/-/body-parser-2.2.2.tgz
[0m[32mDownload[0m https://registry.npmjs.org/eslint-plugin-only-warn/-/eslint-plugin-only-warn-1.1.0.tgz
[0m[32mDownload[0m https://registry.npmjs.org/@types/jsdom/-/jsdom-27.0.0.tgz
[0m[32mDownload[0m https://registry.npmjs.org/typescript-eslint/-/typescript-eslint-8.54.0.tgz
[0m[32mDownload[0m https://registry.npmjs.org/swc-node/-/swc-node-1.0.0.tgz
[0m[32mDownload[0m https://registry.npmjs.org/express/-/express-5.2.1.tgz
[0m[32mDownload[0m https://registry.npmjs.org/proxy-agent/-/proxy-agent-6.5.0.tgz
[0m[32mDownload[0m https://registry.npmjs.org/eslint-plugin-prettier/-/eslint-plugin-prettier-5.5.5.tgz
[0m[32mDownload[0m https://registry.npmjs.org/@types/express/-/express-5.0.6.tgz
[0m[32mDownload[0m https://registry.npmjs.org/@typescript-eslint/parser/-/parser-8.54.0.tgz
[0m[32mDownload[0m https://registry.npmjs.org/commander/-/commander-14.0.3.tgz
[0m[32mDownload[0m https://registry.npmjs.org/@types/node/-/node-25.1.0.tgz
[0m[32mDownload[0m https://registry.npmjs.org/eslint/-/eslint-9.39.2.tgz
[0m[32mDownload[0m https://registry.npmjs.org/youtubei.js/-/youtubei.js-16.0.1.tgz
[0m[32mDownload[0m https://registry.npmjs.org/canvas/-/canvas-3.2.1.tgz
[0m[32mDownload[0m https://registry.npmjs.org/jsdom/-/jsdom-27.4.0.tgz
[0m[32mDownload[0m https://registry.npmjs.org/bgutils-js/-/bgutils-js-3.2.0.tgz
[0m[32mDownload[0m https://registry.npmjs.org/@eslint/js/-/js-9.39.2.tgz
[0m[32mDownload[0m https://registry.npmjs.org/prettier/-/prettier-3.8.1.tgz
[0m[32mDownload[0m https://registry.npmjs.org/typescript/-/typescript-5.9.3.tgz
[0m[32mDownload[0m https://registry.npmjs.org/form-data/-/form-data-4.0.5.tgz
[0m[32mDownload[0m https://registry.npmjs.org/proxy-from-env/-/proxy-from-env-1.1.0.tgz
[0m[32mDownload[0m https://registry.npmjs.org/follow-redirects/-/follow-redirects-1.15.11.tgz
[0m[32mDownload[0m https://registry.npmjs.org/@types/connect/-/connect-3.4.38.tgz
[0m[32mDownload[0m https://registry.npmjs.org/debug/-/debug-4.4.3.tgz
[0m[32mDownload[0m https://registry.npmjs.org/qs/-/qs-6.14.2.tgz
[0m[32mDownload[0m https://registry.npmjs.org/on-finished/-/on-finished-2.4.1.tgz
[0m[32mDownload[0m https://registry.npmjs.org/type-is/-/type-is-2.0.1.tgz
[0m[32mDownload[0m https://registry.npmjs.org/raw-body/-/raw-body-3.0.2.tgz
[0m[32mDownload[0m https://registry.npmjs.org/iconv-lite/-/iconv-lite-0.7.2.tgz
[0m[32mDownload[0m https://registry.npmjs.org/content-type/-/content-type-1.0.5.tgz
[0m[32mDownload[0m https://registry.npmjs.org/bytes/-/bytes-3.1.2.tgz
[0m[32mDownload[0m https://registry.npmjs.org/http-errors/-/http-errors-2.0.1.tgz
[0m[32mDownload[0m https://registry.npmjs.org/@types/tough-cookie/-/tough-cookie-4.0.5.tgz
[0m[32mDownload[0m https://registry.npmjs.org/parse5/-/parse5-7.3.0.tgz
[0m[32mDownload[0m https://registry.npmjs.org/@typescript-eslint/utils/-/utils-8.54.0.tgz
[0m[32mDownload[0m https://registry.npmjs.org/@typescript-eslint/eslint-plugin/-/eslint-plugin-8.54.0.tgz
[0m[32mDownload[0m https://registry.npmjs.org/@typescript-eslint/typescript-estree/-/typescript-estree-8.54.0.tgz
[0m[32mDownload[0m https://registry.npmjs.org/@swc-node/register/-/register-1.11.1.tgz
[0m[32mDownload[0m https://registry.npmjs.org/proxy-addr/-/proxy-addr-2.0.7.tgz
[0m[32mDownload[0m https://registry.npmjs.org/vary/-/vary-1.1.2.tgz
[0m[32mDownload[0m https://registry.npmjs.org/fresh/-/fresh-2.0.0.tgz
[0m[32mDownload[0m https://registry.npmjs.org/cookie/-/cookie-0.7.2.tgz
[0m[32mDownload[0m https://registry.npmjs.org/encodeurl/-/encodeurl-2.0.0.tgz
[0m[32mDownload[0m https://registry.npmjs.org/etag/-/etag-1.8.1.tgz
[0m[32mDownload[0m https://registry.npmjs.org/serve-static/-/serve-static-2.2.1.tgz
[0m[32mDownload[0m https://registry.npmjs.org/send/-/send-1.2.1.tgz
[0m[32mDownload[0m https://registry.npmjs.org/depd/-/depd-2.0.0.tgz
[0m[32mDownload[0m https://registry.npmjs.org/statuses/-/statuses-2.0.2.tgz
[0m[32mDownload[0m https://registry.npmjs.org/range-parser/-/range-parser-1.2.1.tgz
[0m[32mDownload[0m https://registry.npmjs.org/escape-html/-/escape-html-1.0.3.tgz
[0m[32mDownload[0m https://registry.npmjs.org/content-disposition/-/content-disposition-1.0.1.tgz
[0m[32mDownload[0m https://registry.npmjs.org/mime-types/-/mime-types-3.0.2.tgz
[0m[32mDownload[0m https://registry.npmjs.org/once/-/once-1.4.0.tgz
[0m[32mDownload[0m https://registry.npmjs.org/finalhandler/-/finalhandler-2.1.1.tgz
[0m[32mDownload[0m https://registry.npmjs.org/accepts/-/accepts-2.0.0.tgz
[0m[32mDownload[0m https://registry.npmjs.org/parseurl/-/parseurl-1.3.3.tgz
[0m[32mDownload[0m https://registry.npmjs.org/cookie-signature/-/cookie-signature-1.2.2.tgz
[0m[32mDownload[0m https://registry.npmjs.org/router/-/router-2.2.0.tgz
[0m[32mDownload[0m https://registry.npmjs.org/merge-descriptors/-/merge-descriptors-2.0.0.tgz
[0m[32mDownload[0m https://registry.npmjs.org/pac-proxy-agent/-/pac-proxy-agent-7.2.0.tgz
[0m[32mDownload[0m https://registry.npmjs.org/socks-proxy-agent/-/socks-proxy-agent-8.0.5.tgz
[0m[32mDownload[0m https://registry.npmjs.org/lru-cache/-/lru-cache-7.18.3.tgz
[0m[32mDownload[0m https://registry.npmjs.org/http-proxy-agent/-/http-proxy-agent-7.0.2.tgz
[0m[32mDownload[0m https://registry.npmjs.org/https-proxy-agent/-/https-proxy-agent-7.0.6.tgz
[0m[32mDownload[0m https://registry.npmjs.org/agent-base/-/agent-base-7.1.4.tgz
[0m[32mDownload[0m https://registry.npmjs.org/synckit/-/synckit-0.11.12.tgz
[0m[32mDownload[0m https://registry.npmjs.org/prettier-linter-helpers/-/prettier-linter-helpers-1.0.1.tgz
[0m[32mDownload[0m https://registry.npmjs.org/@types/serve-static/-/serve-static-2.2.0.tgz
[0m[32mDownload[0m https://registry.npmjs.org/@types/express-serve-static-core/-/express-serve-static-core-5.1.1.tgz
[0m[32mDownload[0m https://registry.npmjs.org/@typescript-eslint/types/-/types-8.54.0.tgz
[0m[32mDownload[0m https://registry.npmjs.org/@typescript-eslint/visitor-keys/-/visitor-keys-8.54.0.tgz
[0m[32mDownload[0m https://registry.npmjs.org/@typescript-eslint/scope-manager/-/scope-manager-8.54.0.tgz
[0m[32mDownload[0m https://registry.npmjs.org/undici-types/-/undici-types-7.16.0.tgz
[0m[32mDownload[0m https://registry.npmjs.org/espree/-/espree-10.4.0.tgz
[0m[32mDownload[0m https://registry.npmjs.org/@humanfs/node/-/node-0.16.7.tgz
[0m[32mDownload[0m https://registry.npmjs.org/eslint-visitor-keys/-/eslint-visitor-keys-4.2.1.tgz
[0m[32mDownload[0m https://registry.npmjs.org/ajv/-/ajv-6.12.6.tgz
[0m[32mDownload[0m https://registry.npmjs.org/@humanwhocodes/retry/-/retry-0.4.3.tgz
[0m[32mDownload[0m https://registry.npmjs.org/@types/estree/-/estree-1.0.8.tgz
[0m[32mDownload[0m https://registry.npmjs.org/@eslint/plugin-kit/-/plugin-kit-0.4.1.tgz
[0m[32mDownload[0m https://registry.npmjs.org/cross-spawn/-/cross-spawn-7.0.6.tgz
[0m[32mDownload[0m https://registry.npmjs.org/natural-compare/-/natural-compare-1.4.0.tgz
[0m[32mDownload[0m https://registry.npmjs.org/chalk/-/chalk-4.1.2.tgz
[0m[32mDownload[0m https://registry.npmjs.org/json-stable-stringify-without-jsonify/-/json-stable-stringify-without-jsonify-1.0.1.tgz
[0m[32mDownload[0m https://registry.npmjs.org/@eslint/config-helpers/-/config-helpers-0.4.2.tgz
[0m[32mDownload[0m https://registry.npmjs.org/imurmurhash/-/imurmurhash-0.1.4.tgz
[0m[32mDownload[0m https://registry.npmjs.org/lodash.merge/-/lodash.merge-4.6.2.tgz
[0m[32mDownload[0m https://registry.npmjs.org/eslint-scope/-/eslint-scope-8.4.0.tgz
[0m[32mDownload[0m https://registry.npmjs.org/optionator/-/optionator-0.9.4.tgz
[0m[32mDownload[0m https://registry.npmjs.org/@humanwhocodes/module-importer/-/module-importer-1.0.1.tgz
[0m[32mDownload[0m https://registry.npmjs.org/escape-string-regexp/-/escape-string-regexp-4.0.0.tgz
[0m[32mDownload[0m https://registry.npmjs.org/esquery/-/esquery-1.7.0.tgz
[0m[32mDownload[0m https://registry.npmjs.org/fast-deep-equal/-/fast-deep-equal-3.1.3.tgz
[0m[32mDownload[0m https://registry.npmjs.org/is-glob/-/is-glob-4.0.3.tgz
[0m[32mDownload[0m https://registry.npmjs.org/@eslint-community/regexpp/-/regexpp-4.12.2.tgz
[0m[32mDownload[0m https://registry.npmjs.org/@eslint/config-array/-/config-array-0.21.1.tgz
[0m[32mDownload[0m https://registry.npmjs.org/glob-parent/-/glob-parent-6.0.2.tgz
[0m[32mDownload[0m https://registry.npmjs.org/@eslint/eslintrc/-/eslintrc-3.3.3.tgz
[0m[32mDownload[0m https://registry.npmjs.org/ignore/-/ignore-5.3.2.tgz
[0m[32mDownload[0m https://registry.npmjs.org/minimatch/-/minimatch-3.1.5.tgz
[0m[32mDownload[0m https://registry.npmjs.org/find-up/-/find-up-5.0.0.tgz
[0m[32mDownload[0m https://registry.npmjs.org/esutils/-/esutils-2.0.3.tgz
[0m[32mDownload[0m https://registry.npmjs.org/file-entry-cache/-/file-entry-cache-8.0.0.tgz
[0m[32mDownload[0m https://registry.npmjs.org/@eslint/core/-/core-0.17.0.tgz
[0m[32mDownload[0m https://registry.npmjs.org/@eslint-community/eslint-utils/-/eslint-utils-4.9.1.tgz
[0m[32mDownload[0m https://registry.npmjs.org/meriyah/-/meriyah-6.1.4.tgz
[0m[32mDownload[0m https://registry.npmjs.org/@bufbuild/protobuf/-/protobuf-2.11.0.tgz
[0m[32mDownload[0m https://registry.npmjs.org/prebuild-install/-/prebuild-install-7.1.3.tgz
[0m[32mDownload[0m https://registry.npmjs.org/node-addon-api/-/node-addon-api-7.1.1.tgz
[0m[32mDownload[0m https://registry.npmjs.org/w3c-xmlserializer/-/w3c-xmlserializer-5.0.0.tgz
[0m[32mDownload[0m https://registry.npmjs.org/@exodus/bytes/-/bytes-1.10.0.tgz
[0m[32mDownload[0m https://registry.npmjs.org/parse5/-/parse5-8.0.0.tgz
[0m[32mDownload[0m https://registry.npmjs.org/webidl-conversions/-/webidl-conversions-8.0.1.tgz
[0m[32mDownload[0m https://registry.npmjs.org/xml-name-validator/-/xml-name-validator-5.0.0.tgz
[0m[32mDownload[0m https://registry.npmjs.org/ws/-/ws-8.19.0.tgz
[0m[32mDownload[0m https://registry.npmjs.org/saxes/-/saxes-6.0.0.tgz
[0m[32mDownload[0m https://registry.npmjs.org/data-urls/-/data-urls-6.0.1.tgz
[0m[32mDownload[0m https://registry.npmjs.org/decimal.js/-/decimal.js-10.6.0.tgz
[0m[32mDownload[0m https://registry.npmjs.org/symbol-tree/-/symbol-tree-3.2.4.tgz
[0m[32mDownload[0m https://registry.npmjs.org/tough-cookie/-/tough-cookie-6.0.0.tgz
[0m[32mDownload[0m https://registry.npmjs.org/cssstyle/-/cssstyle-5.3.7.tgz
[0m[32mDownload[0m https://registry.npmjs.org/whatwg-url/-/whatwg-url-15.1.0.tgz
[0m[32mDownload[0m https://registry.npmjs.org/@acemir/cssom/-/cssom-0.9.31.tgz
[0m[32mDownload[0m https://registry.npmjs.org/is-potential-custom-element-name/-/is-potential-custom-element-name-1.0.1.tgz
[0m[32mDownload[0m https://registry.npmjs.org/@asamuzakjp/dom-selector/-/dom-selector-6.7.6.tgz
[0m[32mDownload[0m https://registry.npmjs.org/whatwg-mimetype/-/whatwg-mimetype-4.0.0.tgz
[0m[32mDownload[0m https://registry.npmjs.org/html-encoding-sniffer/-/html-encoding-sniffer-6.0.0.tgz
[0m[32mDownload[0m https://registry.npmjs.org/hasown/-/hasown-2.0.2.tgz
[0m[32mDownload[0m https://registry.npmjs.org/asynckit/-/asynckit-0.4.0.tgz
[0m[32mDownload[0m https://registry.npmjs.org/mime-types/-/mime-types-2.1.35.tgz
[0m[32mDownload[0m https://registry.npmjs.org/combined-stream/-/combined-stream-1.0.8.tgz
[0m[32mDownload[0m https://registry.npmjs.org/es-set-tostringtag/-/es-set-tostringtag-2.1.0.tgz
[0m[32mDownload[0m https://registry.npmjs.org/ms/-/ms-2.1.3.tgz
[0m[32mDownload[0m https://registry.npmjs.org/side-channel/-/side-channel-1.1.0.tgz
[0m[32mDownload[0m https://registry.npmjs.org/ee-first/-/ee-first-1.1.1.tgz
[0m[32mDownload[0m https://registry.npmjs.org/media-typer/-/media-typer-1.1.0.tgz
[0m[32mDownload[0m https://registry.npmjs.org/unpipe/-/unpipe-1.0.0.tgz
[0m[32mDownload[0m https://registry.npmjs.org/safer-buffer/-/safer-buffer-2.1.2.tgz
[0m[32mDownload[0m https://registry.npmjs.org/inherits/-/inherits-2.0.4.tgz
[0m[32mDownload[0m https://registry.npmjs.org/setprototypeof/-/setprototypeof-1.2.0.tgz
[0m[32mDownload[0m https://registry.npmjs.org/toidentifier/-/toidentifier-1.0.1.tgz
[0m[32mDownload[0m https://registry.npmjs.org/entities/-/entities-6.0.1.tgz
[0m[32mDownload[0m https://registry.npmjs.org/ts-api-utils/-/ts-api-utils-2.4.0.tgz
[0m[32mDownload[0m https://registry.npmjs.org/ignore/-/ignore-7.0.5.tgz
[0m[32mDownload[0m https://registry.npmjs.org/@typescript-eslint/type-utils/-/type-utils-8.54.0.tgz
[0m[32mDownload[0m https://registry.npmjs.org/@typescript-eslint/project-service/-/project-service-8.54.0.tgz
[0m[32mDownload[0m https://registry.npmjs.org/tinyglobby/-/tinyglobby-0.2.15.tgz
[0m[32mDownload[0m https://registry.npmjs.org/semver/-/semver-7.7.3.tgz
[0m[32mDownload[0m https://registry.npmjs.org/@typescript-eslint/tsconfig-utils/-/tsconfig-utils-8.54.0.tgz
[0m[32mDownload[0m https://registry.npmjs.org/minimatch/-/minimatch-9.0.9.tgz
[0m[32mDownload[0m https://registry.npmjs.org/tslib/-/tslib-2.8.1.tgz
[0m[32mDownload[0m https://registry.npmjs.org/@swc-node/sourcemap-support/-/sourcemap-support-0.6.1.tgz
[0m[32mDownload[0m https://registry.npmjs.org/oxc-resolver/-/oxc-resolver-11.17.0.tgz
[0m[32mDownload[0m https://registry.npmjs.org/@swc/core/-/core-1.15.11.tgz
[0m[32mDownload[0m https://registry.npmjs.org/@swc-node/core/-/core-1.14.1.tgz
[0m[32mDownload[0m https://registry.npmjs.org/colorette/-/colorette-2.0.20.tgz
[0m[32mDownload[0m https://registry.npmjs.org/pirates/-/pirates-4.0.7.tgz
[0m[32mDownload[0m https://registry.npmjs.org/ipaddr.js/-/ipaddr.js-1.9.1.tgz
[0m[32mDownload[0m https://registry.npmjs.org/forwarded/-/forwarded-0.2.0.tgz
[0m[32mDownload[0m https://registry.npmjs.org/mime-db/-/mime-db-1.54.0.tgz
[0m[32mDownload[0m https://registry.npmjs.org/wrappy/-/wrappy-1.0.2.tgz
[0m[32mDownload[0m https://registry.npmjs.org/negotiator/-/negotiator-1.0.0.tgz
[0m[32mDownload[0m https://registry.npmjs.org/path-to-regexp/-/path-to-regexp-8.3.0.tgz
[0m[32mDownload[0m https://registry.npmjs.org/is-promise/-/is-promise-4.0.0.tgz
[0m[32mDownload[0m https://registry.npmjs.org/get-uri/-/get-uri-6.0.5.tgz
[0m[32mDownload[0m https://registry.npmjs.org/@tootallnate/quickjs-emscripten/-/quickjs-emscripten-0.23.0.tgz
[0m[32mDownload[0m https://registry.npmjs.org/pac-resolver/-/pac-resolver-7.0.1.tgz
[0m[32mDownload[0m https://registry.npmjs.org/socks/-/socks-2.8.7.tgz
[0m[32mDownload[0m https://registry.npmjs.org/@pkgr/core/-/core-0.2.9.tgz
[0m[32mDownload[0m https://registry.npmjs.org/fast-diff/-/fast-diff-1.3.0.tgz
[0m[32mDownload[0m https://registry.npmjs.org/@types/http-errors/-/http-errors-2.0.5.tgz
[0m[32mDownload[0m https://registry.npmjs.org/@types/qs/-/qs-6.14.0.tgz
[0m[32mDownload[0m https://registry.npmjs.org/@types/send/-/send-1.2.1.tgz
[0m[32mDownload[0m https://registry.npmjs.org/@types/range-parser/-/range-parser-1.2.7.tgz
[0m[32mDownload[0m https://registry.npmjs.org/acorn-jsx/-/acorn-jsx-5.3.2.tgz
[0m[32mDownload[0m https://registry.npmjs.org/acorn/-/acorn-8.15.0.tgz
[0m[32mDownload[0m https://registry.npmjs.org/@humanfs/core/-/core-0.19.1.tgz
[0m[32mDownload[0m https://registry.npmjs.org/json-schema-traverse/-/json-schema-traverse-0.4.1.tgz
[0m[32mDownload[0m https://registry.npmjs.org/uri-js/-/uri-js-4.4.1.tgz
[0m[32mDownload[0m https://registry.npmjs.org/fast-json-stable-stringify/-/fast-json-stable-stringify-2.1.0.tgz
[0m[32mDownload[0m https://registry.npmjs.org/levn/-/levn-0.4.1.tgz
[0m[32mDownload[0m https://registry.npmjs.org/shebang-command/-/shebang-command-2.0.0.tgz
[0m[32mDownload[0m https://registry.npmjs.org/path-key/-/path-key-3.1.1.tgz
[0m[32mDownload[0m https://registry.npmjs.org/which/-/which-2.0.2.tgz
[0m[32mDownload[0m https://registry.npmjs.org/ansi-styles/-/ansi-styles-4.3.0.tgz
[0m[32mDownload[0m https://registry.npmjs.org/supports-color/-/supports-color-7.2.0.tgz
[0m[32mDownload[0m https://registry.npmjs.org/esrecurse/-/esrecurse-4.3.0.tgz
[0m[32mDownload[0m https://registry.npmjs.org/estraverse/-/estraverse-5.3.0.tgz
[0m[32mDownload[0m https://registry.npmjs.org/type-check/-/type-check-0.4.0.tgz
[0m[32mDownload[0m https://registry.npmjs.org/fast-levenshtein/-/fast-levenshtein-2.0.6.tgz
[0m[32mDownload[0m https://registry.npmjs.org/prelude-ls/-/prelude-ls-1.2.1.tgz
[0m[32mDownload[0m https://registry.npmjs.org/word-wrap/-/word-wrap-1.2.5.tgz
[0m[32mDownload[0m https://registry.npmjs.org/deep-is/-/deep-is-0.1.4.tgz
[0m[32mDownload[0m https://registry.npmjs.org/is-extglob/-/is-extglob-2.1.1.tgz
[0m[32mDownload[0m https://registry.npmjs.org/@eslint/object-schema/-/object-schema-2.1.7.tgz
[0m[32mDownload[0m https://registry.npmjs.org/js-yaml/-/js-yaml-4.1.1.tgz
[0m[32mDownload[0m https://registry.npmjs.org/globals/-/globals-14.0.0.tgz
[0m[32mDownload[0m https://registry.npmjs.org/strip-json-comments/-/strip-json-comments-3.1.1.tgz
[0m[32mDownload[0m https://registry.npmjs.org/import-fresh/-/import-fresh-3.3.1.tgz
[0m[32mDownload[0m https://registry.npmjs.org/brace-expansion/-/brace-expansion-1.1.12.tgz
[0m[32mDownload[0m https://registry.npmjs.org/locate-path/-/locate-path-6.0.0.tgz
[0m[32mDownload[0m https://registry.npmjs.org/path-exists/-/path-exists-4.0.0.tgz
[0m[32mDownload[0m https://registry.npmjs.org/flat-cache/-/flat-cache-4.0.1.tgz
[0m[32mDownload[0m https://registry.npmjs.org/@types/json-schema/-/json-schema-7.0.15.tgz
[0m[32mDownload[0m https://registry.npmjs.org/eslint-visitor-keys/-/eslint-visitor-keys-3.4.3.tgz
[0m[32mDownload[0m https://registry.npmjs.org/github-from-package/-/github-from-package-0.0.0.tgz
[0m[32mDownload[0m https://registry.npmjs.org/detect-libc/-/detect-libc-2.1.2.tgz
[0m[32mDownload[0m https://registry.npmjs.org/simple-get/-/simple-get-4.0.1.tgz
[0m[32mDownload[0m https://registry.npmjs.org/pump/-/pump-3.0.3.tgz
[0m[32mDownload[0m https://registry.npmjs.org/mkdirp-classic/-/mkdirp-classic-0.5.3.tgz
[0m[32mDownload[0m https://registry.npmjs.org/tar-fs/-/tar-fs-2.1.4.tgz
[0m[32mDownload[0m https://registry.npmjs.org/tunnel-agent/-/tunnel-agent-0.6.0.tgz
[0m[32mDownload[0m https://registry.npmjs.org/minimist/-/minimist-1.2.8.tgz
[0m[32mDownload[0m https://registry.npmjs.org/rc/-/rc-1.2.8.tgz
[0m[32mDownload[0m https://registry.npmjs.org/napi-build-utils/-/napi-build-utils-2.0.0.tgz
[0m[32mDownload[0m https://registry.npmjs.org/expand-template/-/expand-template-2.0.3.tgz
[0m[32mDownload[0m https://registry.npmjs.org/node-abi/-/node-abi-3.87.0.tgz
[0m[32mDownload[0m https://registry.npmjs.org/xmlchars/-/xmlchars-2.2.0.tgz
[0m[32mDownload[0m https://registry.npmjs.org/whatwg-mimetype/-/whatwg-mimetype-5.0.0.tgz
[0m[32mDownload[0m https://registry.npmjs.org/tldts/-/tldts-7.0.19.tgz
[0m[32mDownload[0m https://registry.npmjs.org/css-tree/-/css-tree-3.1.0.tgz
[0m[32mDownload[0m https://registry.npmjs.org/@asamuzakjp/css-color/-/css-color-4.1.1.tgz
[0m[32mDownload[0m https://registry.npmjs.org/lru-cache/-/lru-cache-11.2.5.tgz
[0m[32mDownload[0m https://registry.npmjs.org/@csstools/css-syntax-patches-for-csstree/-/css-syntax-patches-for-csstree-1.0.26.tgz
[0m[32mDownload[0m https://registry.npmjs.org/tr46/-/tr46-6.0.0.tgz
[0m[32mDownload[0m https://registry.npmjs.org/@asamuzakjp/nwsapi/-/nwsapi-2.3.9.tgz
[0m[32mDownload[0m https://registry.npmjs.org/bidi-js/-/bidi-js-1.0.3.tgz
[0m[32mDownload[0m https://registry.npmjs.org/function-bind/-/function-bind-1.1.2.tgz
[0m[32mDownload[0m https://registry.npmjs.org/mime-db/-/mime-db-1.52.0.tgz
[0m[32mDownload[0m https://registry.npmjs.org/delayed-stream/-/delayed-stream-1.0.0.tgz
[0m[32mDownload[0m https://registry.npmjs.org/es-errors/-/es-errors-1.3.0.tgz
[0m[32mDownload[0m https://registry.npmjs.org/has-tostringtag/-/has-tostringtag-1.0.2.tgz
[0m[32mDownload[0m https://registry.npmjs.org/get-intrinsic/-/get-intrinsic-1.3.0.tgz
[0m[32mDownload[0m https://registry.npmjs.org/side-channel-list/-/side-channel-list-1.0.0.tgz
[0m[32mDownload[0m https://registry.npmjs.org/side-channel-weakmap/-/side-channel-weakmap-1.0.2.tgz
[0m[32mDownload[0m https://registry.npmjs.org/side-channel-map/-/side-channel-map-1.0.1.tgz
[0m[32mDownload[0m https://registry.npmjs.org/object-inspect/-/object-inspect-1.13.4.tgz
[0m[32mDownload[0m https://registry.npmjs.org/picomatch/-/picomatch-4.0.3.tgz
[0m[32mDownload[0m https://registry.npmjs.org/fdir/-/fdir-6.5.0.tgz
[0m[32mDownload[0m https://registry.npmjs.org/brace-expansion/-/brace-expansion-2.0.2.tgz
[0m[32mDownload[0m https://registry.npmjs.org/source-map-support/-/source-map-support-0.5.21.tgz
[0m[32mDownload[0m https://registry.npmjs.org/@swc/types/-/types-0.1.25.tgz
[0m[32mDownload[0m https://registry.npmjs.org/@swc/counter/-/counter-0.1.3.tgz
[0m[32mDownload[0m https://registry.npmjs.org/basic-ftp/-/basic-ftp-5.2.0.tgz
[0m[32mDownload[0m https://registry.npmjs.org/data-uri-to-buffer/-/data-uri-to-buffer-6.0.2.tgz
[0m[32mDownload[0m https://registry.npmjs.org/netmask/-/netmask-2.0.2.tgz
[0m[32mDownload[0m https://registry.npmjs.org/degenerator/-/degenerator-5.0.1.tgz
[0m[32mDownload[0m https://registry.npmjs.org/ip-address/-/ip-address-10.1.0.tgz
[0m[32mDownload[0m https://registry.npmjs.org/smart-buffer/-/smart-buffer-4.2.0.tgz
[0m[32mDownload[0m https://registry.npmjs.org/punycode/-/punycode-2.3.1.tgz
[0m[32mDownload[0m https://registry.npmjs.org/shebang-regex/-/shebang-regex-3.0.0.tgz
[0m[32mDownload[0m https://registry.npmjs.org/isexe/-/isexe-2.0.0.tgz
[0m[32mDownload[0m https://registry.npmjs.org/color-convert/-/color-convert-2.0.1.tgz
[0m[32mDownload[0m https://registry.npmjs.org/has-flag/-/has-flag-4.0.0.tgz
[0m[32mDownload[0m https://registry.npmjs.org/argparse/-/argparse-2.0.1.tgz
[0m[32mDownload[0m https://registry.npmjs.org/parent-module/-/parent-module-1.0.1.tgz
[0m[32mDownload[0m https://registry.npmjs.org/resolve-from/-/resolve-from-4.0.0.tgz
[0m[32mDownload[0m https://registry.npmjs.org/balanced-match/-/balanced-match-1.0.2.tgz
[0m[32mDownload[0m https://registry.npmjs.org/concat-map/-/concat-map-0.0.1.tgz
[0m[32mDownload[0m https://registry.npmjs.org/p-locate/-/p-locate-5.0.0.tgz
[0m[32mDownload[0m https://registry.npmjs.org/keyv/-/keyv-4.5.4.tgz
[0m[32mDownload[0m https://registry.npmjs.org/flatted/-/flatted-3.3.3.tgz
[0m[32mDownload[0m https://registry.npmjs.org/simple-concat/-/simple-concat-1.0.1.tgz
[0m[32mDownload[0m https://registry.npmjs.org/decompress-response/-/decompress-response-6.0.0.tgz
[0m[32mDownload[0m https://registry.npmjs.org/end-of-stream/-/end-of-stream-1.4.5.tgz
[0m[32mDownload[0m https://registry.npmjs.org/chownr/-/chownr-1.1.4.tgz
[0m[32mDownload[0m https://registry.npmjs.org/tar-stream/-/tar-stream-2.2.0.tgz
[0m[32mDownload[0m https://registry.npmjs.org/safe-buffer/-/safe-buffer-5.2.1.tgz
[0m[32mDownload[0m https://registry.npmjs.org/deep-extend/-/deep-extend-0.6.0.tgz
[0m[32mDownload[0m https://registry.npmjs.org/ini/-/ini-1.3.8.tgz
[0m[32mDownload[0m https://registry.npmjs.org/strip-json-comments/-/strip-json-comments-2.0.1.tgz
[0m[32mDownload[0m https://registry.npmjs.org/tldts-core/-/tldts-core-7.0.19.tgz
[0m[32mDownload[0m https://registry.npmjs.org/source-map-js/-/source-map-js-1.2.1.tgz
[0m[32mDownload[0m https://registry.npmjs.org/mdn-data/-/mdn-data-2.12.2.tgz
[0m[32mDownload[0m https://registry.npmjs.org/@csstools/css-color-parser/-/css-color-parser-3.1.0.tgz
[0m[32mDownload[0m https://registry.npmjs.org/@csstools/css-calc/-/css-calc-2.1.4.tgz
[0m[32mDownload[0m https://registry.npmjs.org/@csstools/css-parser-algorithms/-/css-parser-algorithms-3.0.5.tgz
[0m[32mDownload[0m https://registry.npmjs.org/@csstools/css-tokenizer/-/css-tokenizer-3.0.4.tgz
[0m[32mDownload[0m https://registry.npmjs.org/require-from-string/-/require-from-string-2.0.2.tgz
[0m[32mDownload[0m https://registry.npmjs.org/has-symbols/-/has-symbols-1.1.0.tgz
[0m[32mDownload[0m https://registry.npmjs.org/call-bind-apply-helpers/-/call-bind-apply-helpers-1.0.2.tgz
[0m[32mDownload[0m https://registry.npmjs.org/gopd/-/gopd-1.2.0.tgz
[0m[32mDownload[0m https://registry.npmjs.org/es-object-atoms/-/es-object-atoms-1.1.1.tgz
[0m[32mDownload[0m https://registry.npmjs.org/es-define-property/-/es-define-property-1.0.1.tgz
[0m[32mDownload[0m https://registry.npmjs.org/math-intrinsics/-/math-intrinsics-1.1.0.tgz
[0m[32mDownload[0m https://registry.npmjs.org/get-proto/-/get-proto-1.0.1.tgz
[0m[32mDownload[0m https://registry.npmjs.org/call-bound/-/call-bound-1.0.4.tgz
[0m[32mDownload[0m https://registry.npmjs.org/buffer-from/-/buffer-from-1.1.2.tgz
[0m[32mDownload[0m https://registry.npmjs.org/source-map/-/source-map-0.6.1.tgz
[0m[32mDownload[0m https://registry.npmjs.org/escodegen/-/escodegen-2.1.0.tgz
[0m[32mDownload[0m https://registry.npmjs.org/esprima/-/esprima-4.0.1.tgz
[0m[32mDownload[0m https://registry.npmjs.org/ast-types/-/ast-types-0.13.4.tgz
[0m[32mDownload[0m https://registry.npmjs.org/color-name/-/color-name-1.1.4.tgz
[0m[32mDownload[0m https://registry.npmjs.org/callsites/-/callsites-3.1.0.tgz
[0m[32mDownload[0m https://registry.npmjs.org/p-limit/-/p-limit-3.1.0.tgz
[0m[32mDownload[0m https://registry.npmjs.org/json-buffer/-/json-buffer-3.0.1.tgz
[0m[32mDownload[0m https://registry.npmjs.org/mimic-response/-/mimic-response-3.1.0.tgz
[0m[32mDownload[0m https://registry.npmjs.org/fs-constants/-/fs-constants-1.0.0.tgz
[0m[32mDownload[0m https://registry.npmjs.org/readable-stream/-/readable-stream-3.6.2.tgz
[0m[32mDownload[0m https://registry.npmjs.org/bl/-/bl-4.1.0.tgz
[0m[32mDownload[0m https://registry.npmjs.org/@csstools/color-helpers/-/color-helpers-5.1.0.tgz
[0m[32mDownload[0m https://registry.npmjs.org/dunder-proto/-/dunder-proto-1.0.1.tgz
[0m[32mDownload[0m https://registry.npmjs.org/yocto-queue/-/yocto-queue-0.1.0.tgz
[0m[32mDownload[0m https://registry.npmjs.org/string_decoder/-/string_decoder-1.3.0.tgz
[0m[32mDownload[0m https://registry.npmjs.org/util-deprecate/-/util-deprecate-1.0.2.tgz
[0m[32mDownload[0m https://registry.npmjs.org/buffer/-/buffer-5.7.1.tgz
[0m[32mDownload[0m https://registry.npmjs.org/base64-js/-/base64-js-1.5.1.tgz
[0m[32mDownload[0m https://registry.npmjs.org/ieee754/-/ieee754-1.2.1.tgz
[0m[32mInitialize[0m @types/body-parser@1.19.6
[0m[32mInitialize[0m eslint-config-prettier@10.1.8
[0m[32mInitialize[0m typescript-eslint@8.54.0
[0m[32mInitialize[0m swc-node@1.0.0
[0m[32mInitialize[0m eslint-plugin-only-warn@1.1.0
[0m[32mInitialize[0m @types/express@5.0.6
[0m[32mInitialize[0m express@5.2.1
[0m[32mInitialize[0m body-parser@2.2.2
[0m[32mInitialize[0m bgutils-js@3.2.0
[0m[32mInitialize[0m proxy-from-env@1.1.0
[0m[32mInitialize[0m http-errors@2.0.1
[0m[32mInitialize[0m on-finished@2.4.1
[0m[32mInitialize[0m follow-redirects@1.15.11
[0m[32mInitialize[0m vary@1.1.2
[0m[32mInitialize[0m canvas@3.2.1
[0m[32mInitialize[0m commander@14.0.3
[0m[32mInitialize[0m encodeurl@2.0.0
[0m[32mInitialize[0m proxy-agent@6.5.0
[0m[32mInitialize[0m cookie@0.7.2
[0m[32mInitialize[0m debug@4.4.3
[0m[32mInitialize[0m depd@2.0.0
[0m[32mInitialize[0m router@2.2.0
[0m[32mInitialize[0m pac-proxy-agent@7.2.0
[0m[32mInitialize[0m prettier-linter-helpers@1.0.1
[0m[32mInitialize[0m eslint-plugin-prettier@5.5.5
[0m[32mInitialize[0m range-parser@1.2.1
[0m[32mInitialize[0m raw-body@3.0.2
[0m[32mInitialize[0m serve-static@2.2.1
[0m[32mInitialize[0m json-stable-stringify-without-jsonify@1.0.1
[0m[32mInitialize[0m type-is@2.0.1
[0m[32mInitialize[0m bytes@3.1.2
[0m[32mInitialize[0m send@1.2.1
[0m[32mInitialize[0m @commander-js/extra-typings@14.0.0
[0m[32mInitialize[0m @types/connect@3.4.38
[0m[32mInitialize[0m espree@10.4.0
[0m[32mInitialize[0m once@1.4.0
[0m[32mInitialize[0m form-data@4.0.5
[0m[32mInitialize[0m @types/express-serve-static-core@5.1.1
[0m[32mInitialize[0m @eslint/js@9.39.2
[0m[32mInitialize[0m parseurl@1.3.3
[0m[32mInitialize[0m agent-base@7.1.4
[0m[32mInitialize[0m escape-html@1.0.3
[0m[32mInitialize[0m cookie-signature@1.2.2
[0m[32mInitialize[0m etag@1.8.1
[0m[32mInitialize[0m http-proxy-agent@7.0.2
[0m[32mInitialize[0m socks-proxy-agent@8.0.5
[0m[32mInitialize[0m fresh@2.0.0
[0m[32mInitialize[0m @types/estree@1.0.8
[0m[32mInitialize[0m escape-string-regexp@4.0.0
[0m[32mInitialize[0m @typescript-eslint/parser@8.54.0
[0m[32mInitialize[0m accepts@2.0.0
[0m[32mInitialize[0m cross-spawn@7.0.6
[0m[32mInitialize[0m https-proxy-agent@7.0.6
[0m[32mInitialize[0m synckit@0.11.12
[0m[32mInitialize[0m chalk@4.1.2
[0m[32mInitialize[0m imurmurhash@0.1.4
[0m[32mInitialize[0m is-glob@4.0.3
[0m[32mInitialize[0m natural-compare@1.4.0
[0m[32mInitialize[0m undici-types@7.16.0
[0m[32mInitialize[0m @types/serve-static@2.2.0
[0m[32mInitialize[0m qs@6.14.2
[0m[32mInitialize[0m @typescript-eslint/typescript-estree@8.54.0
[0m[32mInitialize[0m @types/jsdom@27.0.0
[0m[32mInitialize[0m content-type@1.0.5
[0m[32mInitialize[0m eslint-scope@8.4.0
[0m[32mInitialize[0m fast-deep-equal@3.1.3
[0m[32mInitialize[0m lodash.merge@4.6.2
[0m[32mInitialize[0m iconv-lite@0.7.2
[0m[32mInitialize[0m @eslint/config-helpers@0.4.2
[0m[32mInitialize[0m @eslint/plugin-kit@0.4.1
[0m[32mInitialize[0m proxy-addr@2.0.7
[0m[32mInitialize[0m ignore@5.3.2
[0m[32mInitialize[0m content-disposition@1.0.1
[0m[32mInitialize[0m esutils@2.0.3
[0m[32mInitialize[0m lru-cache@7.18.3
[0m[32mInitialize[0m eslint-visitor-keys@4.2.1
[0m[32mInitialize[0m optionator@0.9.4
[0m[32mInitialize[0m parse5@7.3.0
[0m[32mInitialize[0m @typescript-eslint/scope-manager@8.54.0
[0m[32mInitialize[0m data-urls@6.0.1
[0m[32mInitialize[0m statuses@2.0.2
[0m[32mInitialize[0m @typescript-eslint/visitor-keys@8.54.0
[0m[32mInitialize[0m file-entry-cache@8.0.0
[0m[32mInitialize[0m merge-descriptors@2.0.0
[0m[32mInitialize[0m mime-types@2.1.35
[0m[32mInitialize[0m glob-parent@6.0.2
[0m[32mInitialize[0m shebang-command@2.0.0
[0m[32mInitialize[0m inherits@2.0.4
[0m[32mInitialize[0m negotiator@1.0.0
[0m[32mInitialize[0m which@2.0.2
[0m[32mInitialize[0m deep-is@0.1.4
[0m[32mInitialize[0m @swc-node/register@1.11.1
[0m[32mInitialize[0m is-extglob@2.1.1
[0m[32mInitialize[0m path-exists@4.0.0
[0m[32mInitialize[0m ipaddr.js@1.9.1
[0m[32mInitialize[0m mime-types@3.0.2
[0m[32mInitialize[0m minimatch@3.1.5
[0m[32mInitialize[0m finalhandler@2.1.1
[0m[32mInitialize[0m path-to-regexp@8.3.0
[0m[32mInitialize[0m @humanwhocodes/module-importer@1.0.1
[0m[32mInitialize[0m @eslint-community/regexpp@4.12.2
[0m[32mInitialize[0m brace-expansion@1.1.12
[0m[32mInitialize[0m @humanfs/core@0.19.1
[0m[32mInitialize[0m bidi-js@1.0.3
[0m[32mInitialize[0m @typescript-eslint/utils@8.54.0
[0m[32mInitialize[0m @humanwhocodes/retry@0.4.3
[0m[32mInitialize[0m @humanfs/node@0.16.7
[0m[32mInitialize[0m find-up@5.0.0
[0m[32mInitialize[0m @types/tough-cookie@4.0.5
[0m[32mInitialize[0m esquery@1.7.0
[0m[32mInitialize[0m w3c-xmlserializer@5.0.0
[0m[32mInitialize[0m prebuild-install@7.1.3
[0m[32mInitialize[0m xml-name-validator@5.0.0
[0m[32mInitialize[0m webidl-conversions@8.0.1
[0m[32mInitialize[0m saxes@6.0.0
[0m[32mInitialize[0m decimal.js@10.6.0
[0m[32mInitialize[0m whatwg-url@15.1.0
[0m[32mInitialize[0m symbol-tree@3.2.4
[0m[32mInitialize[0m ms@2.1.3
[0m[32mInitialize[0m whatwg-mimetype@4.0.0
[0m[32mInitialize[0m ee-first@1.1.1
[0m[32mInitialize[0m hasown@2.0.2
[0m[32mInitialize[0m ws@8.19.0
[0m[32mInitialize[0m combined-stream@1.0.8
[0m[32mInitialize[0m toidentifier@1.0.1
[0m[32mInitialize[0m unpipe@1.0.0
[0m[32mInitialize[0m side-channel@1.1.0
[0m[32mInitialize[0m ignore@7.0.5
[0m[32mInitialize[0m safer-buffer@2.1.2
[0m[32mInitialize[0m ts-api-utils@2.4.0
[0m[32mInitialize[0m asynckit@0.4.0
[0m[32mInitialize[0m @eslint/core@0.17.0
[0m[32mInitialize[0m wrappy@1.0.2
[0m[32mInitialize[0m es-set-tostringtag@2.1.0
[0m[32mInitialize[0m @eslint/eslintrc@3.3.3
[0m[32mInitialize[0m setprototypeof@1.2.0
[0m[32mInitialize[0m @eslint/config-array@0.21.1
[0m[32mInitialize[0m is-potential-custom-element-name@1.0.1
[0m[32mInitialize[0m node-addon-api@7.1.1
[0m[32mInitialize[0m media-typer@1.1.0
[0m[32mInitialize[0m parse5@8.0.0
[0m[32mInitialize[0m html-encoding-sniffer@6.0.0
[0m[32mInitialize[0m ajv@6.12.6
[0m[32mInitialize[0m entities@6.0.1
[0m[32mInitialize[0m tough-cookie@6.0.0
[0m[32mInitialize[0m meriyah@6.1.4
[0m[32mInitialize[0m semver@7.7.3
[0m[32mInitialize[0m @pkgr/core@0.2.9
[0m[32mInitialize[0m @swc/core@1.15.11
[0m[32mInitialize[0m cssstyle@5.3.7
[0m[32mInitialize[0m axios@1.13.5
[0m[32mInitialize[0m pirates@4.0.7
[0m[32mInitialize[0m jsdom@27.4.0
[0m[32mInitialize[0m levn@0.4.1
[0m[32mInitialize[0m fast-diff@1.3.0
[0m[32mInitialize[0m path-key@3.1.1
[0m[32mInitialize[0m type-check@0.4.0
[0m[32mInitialize[0m @typescript-eslint/eslint-plugin@8.54.0
[0m[32mInitialize[0m get-uri@6.0.5
[0m[32mInitialize[0m globals@14.0.0
[0m[32mInitialize[0m @types/qs@6.14.0
[0m[32mInitialize[0m uri-js@4.4.1
[0m[32mInitialize[0m whatwg-mimetype@5.0.0
[0m[32mInitialize[0m tunnel-agent@0.6.0
[0m[32mInitialize[0m mime-db@1.54.0
[0m[32mInitialize[0m tinyglobby@0.2.15
[0m[32mInitialize[0m is-promise@4.0.0
[0m[32mInitialize[0m colorette@2.0.20
[0m[32mInitialize[0m tslib@2.8.1
[0m[32mInitialize[0m forwarded@0.2.0
[0m[32mInitialize[0m @asamuzakjp/dom-selector@6.7.6
[0m[32mInitialize[0m oxc-resolver@11.17.0
[0m[32mInitialize[0m socks@2.8.7
[0m[32mInitialize[0m minimatch@9.0.9
[0m[32mInitialize[0m pac-resolver@7.0.1
[0m[32mInitialize[0m @swc-node/sourcemap-support@0.6.1
[0m[32mInitialize[0m @types/node@25.1.0
[0m[32mInitialize[0m @typescript-eslint/project-service@8.54.0
[0m[32mInitialize[0m @typescript-eslint/type-utils@8.54.0
[0m[32mInitialize[0m eslint@9.39.2
[0m[32mInitialize[0m @bufbuild/protobuf@2.11.0
[0m[32mInitialize[0m @typescript-eslint/tsconfig-utils@8.54.0
[0m[32mInitialize[0m util-deprecate@1.0.2
[0m[32mInitialize[0m @swc-node/core@1.14.1
[0m[32mInitialize[0m acorn-jsx@5.3.2
[0m[32mInitialize[0m resolve-from@4.0.0
[0m[32mInitialize[0m @types/json-schema@7.0.15
[0m[32mInitialize[0m json-schema-traverse@0.4.1
[0m[32mInitialize[0m word-wrap@1.2.5
[0m[32mInitialize[0m fast-json-stable-stringify@2.1.0
[0m[32mInitialize[0m fast-levenshtein@2.0.6
[0m[32mInitialize[0m supports-color@7.2.0
[0m[32mInitialize[0m esrecurse@4.3.0
[0m[32mInitialize[0m eslint-visitor-keys@3.4.3
[0m[32mInitialize[0m ansi-styles@4.3.0
[0m[32mInitialize[0m locate-path@6.0.0
[0m[32mInitialize[0m @tootallnate/quickjs-emscripten@0.23.0
[0m[32mInitialize[0m @eslint-community/eslint-utils@4.9.1
[0m[32mInitialize[0m detect-libc@2.1.2
[0m[32mInitialize[0m import-fresh@3.3.1
[0m[32mInitialize[0m js-yaml@4.1.1
[0m[32mInitialize[0m @types/http-errors@2.0.5
[0m[32mInitialize[0m estraverse@5.3.0
[0m[32mInitialize[0m simple-get@4.0.1
[0m[32mInitialize[0m mime-db@1.52.0
[0m[32mInitialize[0m strip-json-comments@3.1.1
[0m[32mInitialize[0m mkdirp-classic@0.5.3
[0m[32mInitialize[0m node-abi@3.87.0
[0m[32mInitialize[0m prelude-ls@1.2.1
[0m[32mInitialize[0m color-convert@2.0.1
[0m[32mInitialize[0m expand-template@2.0.3
[0m[32mInitialize[0m acorn@8.15.0
[0m[32mInitialize[0m @types/send@1.2.1
[0m[32mInitialize[0m @types/range-parser@1.2.7
[0m[32mInitialize[0m side-channel-weakmap@1.0.2
[0m[32mInitialize[0m lru-cache@11.2.5
[0m[32mInitialize[0m es-errors@1.3.0
[0m[32mInitialize[0m github-from-package@0.0.0
[0m[32mInitialize[0m tar-fs@2.1.4
[0m[32mInitialize[0m data-uri-to-buffer@6.0.2
[0m[32mInitialize[0m prettier@3.8.1
[0m[32mInitialize[0m simple-concat@1.0.1
[0m[32mInitialize[0m chownr@1.1.4
[0m[32mInitialize[0m get-intrinsic@1.3.0
[0m[32mInitialize[0m delayed-stream@1.0.0
[0m[32mInitialize[0m shebang-regex@3.0.0
[0m[32mInitialize[0m side-channel-map@1.0.1
[0m[32mInitialize[0m picomatch@4.0.3
[0m[32mInitialize[0m has-tostringtag@1.0.2
[0m[32mInitialize[0m @swc/counter@0.1.3
[0m[32mInitialize[0m source-map-support@0.5.21
[0m[32mInitialize[0m end-of-stream@1.4.5
[0m[32mInitialize[0m basic-ftp@5.2.0
[0m[32mInitialize[0m argparse@2.0.1
[0m[32mInitialize[0m @asamuzakjp/nwsapi@2.3.9
[0m[32mInitialize[0m get-proto@1.0.1
[0m[32mInitialize[0m yocto-queue@0.1.0
[0m[32mInitialize[0m es-define-property@1.0.1
[0m[32mInitialize[0m dunder-proto@1.0.1
[0m[32mInitialize[0m bl@4.1.0
[0m[32mInitialize[0m @csstools/css-color-parser@3.1.0
[0m[32mInitialize[0m mdn-data@2.12.2
[0m[32mInitialize[0m deep-extend@0.6.0
[0m[32mInitialize[0m ieee754@1.2.1
[0m[32mInitialize[0m @exodus/bytes@1.10.0
[0m[32mInitialize[0m pump@3.0.3
[0m[32mInitialize[0m rc@1.2.8
[0m[32mInitialize[0m napi-build-utils@2.0.0
[0m[32mInitialize[0m isexe@2.0.0
[0m[32mInitialize[0m brace-expansion@2.0.2
[0m[32mInitialize[0m flat-cache@4.0.1
[0m[32mInitialize[0m xmlchars@2.2.0
[0m[32mInitialize[0m degenerator@5.0.1
[0m[32mInitialize[0m parent-module@1.0.1
[0m[32mInitialize[0m keyv@4.5.4
[0m[32mInitialize[0m decompress-response@6.0.0
[0m[32mInitialize[0m side-channel-list@1.0.0
[0m[32mInitialize[0m tr46@6.0.0
[0m[32mInitialize[0m punycode@2.3.1
[0m[32mInitialize[0m minimist@1.2.8
[0m[32mInitialize[0m netmask@2.0.2
[0m[32mInitialize[0m @acemir/cssom@0.9.31
[0m[32mInitialize[0m function-bind@1.1.2
[0m[32mInitialize[0m object-inspect@1.13.4
[0m[32mInitialize[0m fdir@6.5.0
[0m[32mInitialize[0m has-flag@4.0.0
[0m[32mInitialize[0m balanced-match@1.0.2
[0m[32mInitialize[0m concat-map@0.0.1
[0m[32mInitialize[0m source-map-js@1.2.1
[0m[32mInitialize[0m safe-buffer@5.2.1
[0m[32mInitialize[0m smart-buffer@4.2.0
[0m[32mInitialize[0m @typescript-eslint/types@8.54.0
[0m[32mInitialize[0m call-bound@1.0.4
[0m[32mInitialize[0m ip-address@10.1.0
[0m[32mInitialize[0m p-limit@3.1.0
[0m[32mInitialize[0m callsites@3.1.0
[0m[32mInitialize[0m json-buffer@3.0.1
[0m[32mInitialize[0m mimic-response@3.1.0
[0m[32mInitialize[0m @csstools/css-tokenizer@3.0.4
[0m[32mInitialize[0m es-object-atoms@1.1.1
[0m[32mInitialize[0m escodegen@2.1.0
[0m[32mInitialize[0m readable-stream@3.6.2
[0m[32mInitialize[0m base64-js@1.5.1
[0m[32mInitialize[0m esprima@4.0.1
[0m[32mInitialize[0m string_decoder@1.3.0
[0m[32mInitialize[0m fs-constants@1.0.0
[0m[32mInitialize[0m @csstools/css-parser-algorithms@3.0.5
[0m[32mInitialize[0m buffer@5.7.1
[0m[32mInitialize[0m source-map@0.6.1
[0m[32mInitialize[0m require-from-string@2.0.2
[0m[32mInitialize[0m tar-stream@2.2.0
[0m[32mInitialize[0m p-locate@5.0.0
[0m[32mInitialize[0m strip-json-comments@2.0.1
[0m[32mInitialize[0m @eslint/object-schema@2.1.7
[0m[32mInitialize[0m @csstools/css-calc@2.1.4
[0m[32mInitialize[0m call-bind-apply-helpers@1.0.2
[0m[32mInitialize[0m buffer-from@1.1.2
[0m[32mInitialize[0m @swc/types@0.1.25
[0m[32mInitialize[0m ini@1.3.8
[0m[32mInitialize[0m gopd@1.2.0
[0m[32mInitialize[0m color-name@1.1.4
[0m[32mInitialize[0m has-symbols@1.1.0
[0m[32mInitialize[0m @csstools/color-helpers@5.1.0
[0m[32mInitialize[0m flatted@3.3.3
[0m[32mInitialize[0m math-intrinsics@1.1.0
[0m[32mInitialize[0m ast-types@0.13.4
[0m[32mInitialize[0m tldts@7.0.19
[0m[32mInitialize[0m tldts-core@7.0.19
[0m[32mInitialize[0m @asamuzakjp/css-color@4.1.1
[0m[32mInitialize[0m css-tree@3.1.0
[0m[32mInitialize[0m @csstools/css-syntax-patches-for-csstree@1.0.26
[0m[32mInitialize[0m typescript@5.9.3
[0m[32mInitialize[0m youtubei.js@16.0.1
[0m[32mInitialize[0m canvas@3.2.1: running 'install' script
[0m[38;5;245mInstalled[0m 313 [0m[38;5;245mpackages[0m [0m[38;5;245min[0m 4s
[0m[38;5;245mReused[0m 0 [0m[38;5;245mpackages from cache[0m
[0m[38;5;245mDownloaded[0m 0 [0m[38;5;245mpackages from JSR[0m
[0m[38;5;245mDownloaded[0m 313 [0m[38;5;245mpackages from npm[0m
[0m[32m+++++++++++++++++++++++++++++++++++++++++++++++++++++++++++++++++++++++++++++++++++++++++++++++++++++++++++++++++++++++++++++++++++++++++++++++++++++++++++++++++++++++++++++++++++++++++++++++++++++++++++++++++++++++++++++++++++++++++++++++++++++++++++++++++++++++++++++++++++++++++++++++++++++++++++++++++++++++++[0m

[0m[36mDependencies:[0m
[0m[32m+[0m [0m[38;5;245mnpm:[0maxios [0m[38;5;245m1.13.5[0m
[0m[32m+[0m [0m[38;5;245mnpm:[0mbgutils-js [0m[38;5;245m3.2.0[0m
[0m[32m+[0m [0m[38;5;245mnpm:[0mbody-parser [0m[38;5;245m2.2.2[0m
[0m[32m+[0m [0m[38;5;245mnpm:[0mcanvas [0m[38;5;245m3.2.1[0m
[0m[32m+[0m [0m[38;5;245mnpm:[0mcommander [0m[38;5;245m14.0.3[0m
[0m[32m+[0m [0m[38;5;245mnpm:[0mexpress [0m[38;5;245m5.2.1[0m
[0m[32m+[0m [0m[38;5;245mnpm:[0mjsdom [0m[38;5;245m27.4.0[0m
[0m[32m+[0m [0m[38;5;245mnpm:[0mproxy-agent [0m[38;5;245m6.5.0[0m
[0m[32m+[0m [0m[38;5;245mnpm:[0myoutubei.js [0m[38;5;245m16.0.1[0m

[0m[36mDev dependencies:[0m
[0m[32m+[0m [0m[38;5;245mnpm:[0m@commander-js/extra-typings [0m[38;5;245m14.0.0[0m
[0m[32m+[0m [0m[38;5;245mnpm:[0m@eslint/js [0m[38;5;245m9.39.2[0m
[0m[32m+[0m [0m[38;5;245mnpm:[0m@types/body-parser [0m[38;5;245m1.19.6[0m
[0m[32m+[0m [0m[38;5;245mnpm:[0m@types/express [0m[38;5;245m5.0.6[0m
[0m[32m+[0m [0m[38;5;245mnpm:[0m@types/jsdom [0m[38;5;245m27.0.0[0m
[0m[32m+[0m [0m[38;5;245mnpm:[0m@types/node [0m[38;5;245m25.1.0[0m
[0m[32m+[0m [0m[38;5;245mnpm:[0m@typescript-eslint/parser [0m[38;5;245m8.54.0[0m
[0m[32m+[0m [0m[38;5;245mnpm:[0meslint [0m[38;5;245m9.39.2[0m
[0m[32m+[0m [0m[38;5;245mnpm:[0meslint-config-prettier [0m[38;5;245m10.1.8[0m
[0m[32m+[0m [0m[38;5;245mnpm:[0meslint-plugin-only-warn [0m[38;5;245m1.1.0[0m
[0m[32m+[0m [0m[38;5;245mnpm:[0meslint-plugin-prettier [0m[38;5;245m5.5.5[0m
[0m[32m+[0m [0m[38;5;245mnpm:[0mprettier [0m[38;5;245m3.8.1[0m
[0m[32m+[0m [0m[38;5;245mnpm:[0mswc-node [0m[38;5;245m1.0.0[0m
[0m[32m+[0m [0m[38;5;245mnpm:[0mtypescript [0m[38;5;245m5.9.3[0m
[0m[32m+[0m [0m[38;5;245mnpm:[0mtypescript-eslint [0m[38;5;245m8.54.0[0m
[0m[33m╭[0m [0m[1m[33mWarning[0m
[0m[33m│[0m
[0m[33m│[0m  Ignored build scripts for packages:
[0m[33m│[0m  [0m[3mnpm:@swc/core@1.15.11[0m
[0m[33m│[0m
[0m[33m│[0m  Run "[0m[1mdeno approve-scripts[0m" to run build scripts.
[0m[33m╰─[0m
[0m[33m╭[0m [0m[1m[33mWarning[0m
[0m[33m│[0m
[0m[33m│[0m  The following packages are deprecated:
[0m[33m│[0m  [0m[38;5;245mnpm:prebuild-install@7.1.3 (No longer maintained. Please contact the author of the relevant native addon; alternatives are available.)[0m
[0m[33m│[0m  [0m[38;5;245mnpm:basic-ftp@5.2.0 (Security vulnerability fixed in 5.2.1, please upgrade)[0m
[0m[33m╰─[0m
Using BgUtils PO-token provider 1.3.1 for YouTube requests.
Downloading VUE-TR-V2 videos into /content/timelens2-data/VUE_TR_V2/videos
Checking YouTube access with one video before starting the batch...
[youtube] Extracting URL: https://www.youtube.com/watch?v=RnMZGQFNtRY
[youtube] RnMZGQFNtRY: Downloading webpage
[youtube] Sleeping 1.0 seconds ...
[youtube] RnMZGQFNtRY: Downloading android vr player API JSON
WARNING: [youtube] No title found in player responses; falling back to title from initial data. Other metadata may also be missing
ERROR: [youtube] RnMZGQFNtRY: Sign in to confirm you’re not a bot. Use --cookies-from-browser or --cookies for the authentication. See  https://github.com/yt-dlp/yt-dlp/wiki/FAQ#how-do-i-pass-cookies-to-yt-dlp  for how to manually pass cookies. Also see  https://github.com/yt-dlp/yt-dlp/wiki/Extractors#exporting-youtube-cookies  for tips on effectively exporting YouTube cookies
YouTube preflight failed; the batch download was not attempted.
[2026-07-23T01:01:07.002462+00:00] dataset exit code: 1
