[2026-07-23T01:01:37.425767+00:00] worker pid=5790 job=20260723T010134Z-a5ce4501e74b-d255ab67b6-81787
[2026-07-23T01:01:37.425803+00:00] python=3.12.13 cwd=/content/timelens2-runs/20260723T010134Z-a5ce4501e74b-d255ab67b6-81787/repo/evaluation
[2026-07-23T01:01:37.425813+00:00] gpu_names=['Tesla T4'] video_backend=pyav t4_safe_mode=1
Thu Jul 23 01:01:37 2026       
+-----------------------------------------------------------------------------------------+
| NVIDIA-SMI 580.82.07              Driver Version: 580.82.07      CUDA Version: 13.0     |
+-----------------------------------------+------------------------+----------------------+
| GPU  Name                 Persistence-M | Bus-Id          Disp.A | Volatile Uncorr. ECC |
| Fan  Temp   Perf          Pwr:Usage/Cap |           Memory-Usage | GPU-Util  Compute M. |
|                                         |                        |               MIG M. |
|=========================================+========================+======================|
|   0  Tesla T4                       Off |   00000000:00:04.0 Off |                    0 |
| N/A   45C    P8             13W /   70W |       0MiB /  15360MiB |      0%      Default |
|                                         |                        |                  N/A |
+-----------------------------------------+------------------------+----------------------+

+-----------------------------------------------------------------------------------------+
| Processes:                                                                              |
|  GPU   GI   CI              PID   Type   Process name                        GPU Memory |
|        ID   ID                                                               Usage      |
|=========================================================================================|
|  No running processes found                                                             |
+-----------------------------------------------------------------------------------------+
[2026-07-23T01:01:37.599892+00:00] setup: skipped
[2026-07-23T01:01:37.600216+00:00] dataset: VUE_TR_MAX_VIDEOS=1 bash scripts/download_vue_tr_v2.sh
Requirement already satisfied: yt-dlp[default] in /usr/local/lib/python3.12/dist-packages (2026.7.4)
Requirement already satisfied: brotli in /usr/local/lib/python3.12/dist-packages (from yt-dlp[default]) (1.2.0)
Requirement already satisfied: certifi in /usr/local/lib/python3.12/dist-packages (from yt-dlp[default]) (2026.6.17)
Requirement already satisfied: mutagen in /usr/local/lib/python3.12/dist-packages (from yt-dlp[default]) (1.48.1)
Requirement already satisfied: pycryptodomex in /usr/local/lib/python3.12/dist-packages (from yt-dlp[default]) (3.23.0)
Requirement already satisfied: requests<3,>=2.32.2 in /usr/local/lib/python3.12/dist-packages (from yt-dlp[default]) (2.32.4)
Requirement already satisfied: urllib3<3,>=2.0.2 in /usr/local/lib/python3.12/dist-packages (from yt-dlp[default]) (2.5.0)
Requirement already satisfied: websockets>=13.0 in /usr/local/lib/python3.12/dist-packages (from yt-dlp[default]) (15.0.1)
Requirement already satisfied: yt-dlp-ejs==0.8.0 in /usr/local/lib/python3.12/dist-packages (from yt-dlp[default]) (0.8.0)
Requirement already satisfied: charset_normalizer<4,>=2 in /usr/local/lib/python3.12/dist-packages (from requests<3,>=2.32.2->yt-dlp[default]) (3.4.9)
Requirement already satisfied: idna<4,>=2.5 in /usr/local/lib/python3.12/dist-packages (from requests<3,>=2.32.2->yt-dlp[default]) (3.18)
Requirement already satisfied: bgutil-ytdlp-pot-provider==1.3.1 in /usr/local/lib/python3.12/dist-packages (1.3.1)
Using BgUtils PO-token provider 1.3.1 for YouTube requests.
Downloading VUE-TR-V2 videos into /content/timelens2-data/VUE_TR_V2/videos
Checking YouTube access with one video before starting the batch...
[youtube] Extracting URL: https://www.youtube.com/watch?v=RnMZGQFNtRY
[youtube] RnMZGQFNtRY: Downloading webpage
[youtube] Sleeping 1.0 seconds ...
[youtube] RnMZGQFNtRY: Downloading mweb client config
[youtube] Sleeping 1.0 seconds ...
[youtube] RnMZGQFNtRY: Downloading mweb player API JSON
WARNING: [youtube] No title found in player responses; falling back to title from initial data. Other metadata may also be missing
ERROR: [youtube] RnMZGQFNtRY: Sign in to confirm you’re not a bot. Use --cookies-from-browser or --cookies for the authentication. See  https://github.com/yt-dlp/yt-dlp/wiki/FAQ#how-do-i-pass-cookies-to-yt-dlp  for how to manually pass cookies. Also see  https://github.com/yt-dlp/yt-dlp/wiki/Extractors#exporting-youtube-cookies  for tips on effectively exporting YouTube cookies
YouTube preflight failed; the batch download was not attempted.
[2026-07-23T01:01:47.266826+00:00] dataset exit code: 1
